Archive member included to satisfy reference by file (symbol)

C:/ST/STM32CubeIDE_1.19.0/STM32CubeIDE/plugins/com.st.stm32cube.ide.mcu.externaltools.gnu-tools-for-stm32.13.3.rel1.win32_1.0.0.202411081344/tools/bin/../lib/gcc/arm-none-eabi/13.3.1/../../../../arm-none-eabi/lib/thumb/v7e-m+fp/hard\libc_nano.a(libc_a-exit.o)
                              C:/ST/STM32CubeIDE_1.19.0/STM32CubeIDE/plugins/com.st.stm32cube.ide.mcu.externaltools.gnu-tools-for-stm32.13.3.rel1.win32_1.0.0.202411081344/tools/bin/../lib/gcc/arm-none-eabi/13.3.1/../../../../arm-none-eabi/lib/thumb/v7e-m+fp/hard/crt0.o (exit)
C:/ST/STM32CubeIDE_1.19.0/STM32CubeIDE/plugins/com.st.stm32cube.ide.mcu.externaltools.gnu-tools-for-stm32.13.3.rel1.win32_1.0.0.202411081344/tools/bin/../lib/gcc/arm-none-eabi/13.3.1/../../../../arm-none-eabi/lib/thumb/v7e-m+fp/hard\libc_nano.a(libc_a-malloc.o)
                              ./Middlewares/ST/STM32_USB_Host_Library/Class/CDC/Src/usbh_cdc.o (malloc)
C:/ST/STM32CubeIDE_1.19.0/STM32CubeIDE/plugins/com.st.stm32cube.ide.mcu.externaltools.gnu-tools-for-stm32.13.3.rel1.win32_1.0.0.202411081344/tools/bin/../lib/gcc/arm-none-eabi/13.3.1/../../../../arm-none-eabi/lib/thumb/v7e-m+fp/hard\libc_nano.a(libc_a-mallocr.o)
                              C:/ST/STM32CubeIDE_1.19.0/STM32CubeIDE/plugins/com.st.stm32cube.ide.mcu.externaltools.gnu-tools-for-stm32.13.3.rel1.win32_1.0.0.202411081344/tools/bin/../lib/gcc/arm-none-eabi/13.3.1/../../../../arm-none-eabi/lib/thumb/v7e-m+fp/hard\libc_nano.a(libc_a-malloc.o) (_malloc_r)
C:/ST/STM32CubeIDE_1.19.0/STM32CubeIDE/plugins/com.st.stm32cube.ide.mcu.externaltools.gnu-tools-for-stm32.13.3.rel1.win32_1.0.0.202411081344/tools/bin/../lib/gcc/arm-none-eabi/13.3.1/../../../../arm-none-eabi/lib/thumb/v7e-m+fp/hard\libc_nano.a(libc_a-mlock.o)
                              C:/ST/STM32CubeIDE_1.19.0/STM32CubeIDE/plugins/com.st.stm32cube.ide.mcu.externaltools.gnu-tools-for-stm32.13.3.rel1.win32_1.0.0.202411081344/tools/bin/../lib/gcc/arm-none-eabi/13.3.1/../../../../arm-none-eabi/lib/thumb/v7e-m+fp/hard\libc_nano.a(libc_a-mallocr.o) (__malloc_lock)
C:/ST/STM32CubeIDE_1.19.0/STM32CubeIDE/plugins/com.st.stm32cube.ide.mcu.externaltools.gnu-tools-for-stm32.13.3.rel1.win32_1.0.0.202411081344/tools/bin/../lib/gcc/arm-none-eabi/13.3.1/../../../../arm-none-eabi/lib/thumb/v7e-m+fp/hard\libc_nano.a(libc_a-findfp.o)
                              C:/ST/STM32CubeIDE_1.19.0/STM32CubeIDE/plugins/com.st.stm32cube.ide.mcu.externaltools.gnu-tools-for-stm32.13.3.rel1.win32_1.0.0.202411081344/tools/bin/../lib/gcc/arm-none-eabi/13.3.1/../../../../arm-none-eabi/lib/thumb/v7e-m+fp/hard\libc_nano.a(libc_a-exit.o) (__stdio_exit_handler)
C:/ST/STM32CubeIDE_1.19.0/STM32CubeIDE/plugins/com.st.stm32cube.ide.mcu.externaltools.gnu-tools-for-stm32.13.3.rel1.win32_1.0.0.202411081344/tools/bin/../lib/gcc/arm-none-eabi/13.3.1/../../../../arm-none-eabi/lib/thumb/v7e-m+fp/hard\libc_nano.a(libc_a-fwalk.o)
                              C:/ST/STM32CubeIDE_1.19.0/STM32CubeIDE/plugins/com.st.stm32cube.ide.mcu.externaltools.gnu-tools-for-stm32.13.3.rel1.win32_1.0.0.202411081344/tools/bin/../lib/gcc/arm-none-eabi/13.3.1/../../../../arm-none-eabi/lib/thumb/v7e-m+fp/hard\libc_nano.a(libc_a-findfp.o) (_fwalk_sglue)
C:/ST/STM32CubeIDE_1.19.0/STM32CubeIDE/plugins/com.st.stm32cube.ide.mcu.externaltools.gnu-tools-for-stm32.13.3.rel1.win32_1.0.0.202411081344/tools/bin/../lib/gcc/arm-none-eabi/13.3.1/../../../../arm-none-eabi/lib/thumb/v7e-m+fp/hard\libc_nano.a(libc_a-stdio.o)
                              C:/ST/STM32CubeIDE_1.19.0/STM32CubeIDE/plugins/com.st.stm32cube.ide.mcu.externaltools.gnu-tools-for-stm32.13.3.rel1.win32_1.0.0.202411081344/tools/bin/../lib/gcc/arm-none-eabi/13.3.1/../../../../arm-none-eabi/lib/thumb/v7e-m+fp/hard\libc_nano.a(libc_a-findfp.o) (__sread)
C:/ST/STM32CubeIDE_1.19.0/STM32CubeIDE/plugins/com.st.stm32cube.ide.mcu.externaltools.gnu-tools-for-stm32.13.3.rel1.win32_1.0.0.202411081344/tools/bin/../lib/gcc/arm-none-eabi/13.3.1/../../../../arm-none-eabi/lib/thumb/v7e-m+fp/hard\libc_nano.a(libc_a-memset.o)
                              C:/ST/STM32CubeIDE_1.19.0/STM32CubeIDE/plugins/com.st.stm32cube.ide.mcu.externaltools.gnu-tools-for-stm32.13.3.rel1.win32_1.0.0.202411081344/tools/bin/../lib/gcc/arm-none-eabi/13.3.1/../../../../arm-none-eabi/lib/thumb/v7e-m+fp/hard/crt0.o (memset)
C:/ST/STM32CubeIDE_1.19.0/STM32CubeIDE/plugins/com.st.stm32cube.ide.mcu.externaltools.gnu-tools-for-stm32.13.3.rel1.win32_1.0.0.202411081344/tools/bin/../lib/gcc/arm-none-eabi/13.3.1/../../../../arm-none-eabi/lib/thumb/v7e-m+fp/hard\libc_nano.a(libc_a-closer.o)
                              C:/ST/STM32CubeIDE_1.19.0/STM32CubeIDE/plugins/com.st.stm32cube.ide.mcu.externaltools.gnu-tools-for-stm32.13.3.rel1.win32_1.0.0.202411081344/tools/bin/../lib/gcc/arm-none-eabi/13.3.1/../../../../arm-none-eabi/lib/thumb/v7e-m+fp/hard\libc_nano.a(libc_a-stdio.o) (_close_r)
[...]
Memory Configuration

Name             Origin             Length             Attributes
CCMRAM           0x10000000         0x00010000         xrw
RAM              0x20000000         0x00020000         xrw
FLASH            0x08000000         0x00100000         xr
*default*        0x00000000         0xffffffff

Linker script and memory map

LOAD C:/ST/STM32CubeIDE_1.19.0/STM32CubeIDE/plugins/com.st.stm32cube.ide.mcu.externaltools.gnu-tools-for-stm32.13.3.rel1.win32_1.0.0.202411081344/tools/bin/../lib/gcc/arm-none-eabi/13.3.1/thumb/v7e-m+fp/hard/crti.o
LOAD C:/ST/STM32CubeIDE_1.19.0/STM32CubeIDE/plugins/com.st.stm32cube.ide.mcu.externaltools.gnu-tools-for-stm32.13.3.rel1.win32_1.0.0.202411081344/tools/bin/../lib/gcc/arm-none-eabi/13.3.1/thumb/v7e-m+fp/hard/crtbegin.o
LOAD C:/ST/STM32CubeIDE_1.19.0/STM32CubeIDE/plugins/com.st.stm32cube.ide.mcu.externaltools.gnu-tools-for-stm32.13.3.rel1.win32_1.0.0.202411081344/tools/bin/../lib/gcc/arm-none-eabi/13.3.1/../../../../arm-none-eabi/lib/thumb/v7e-m+fp/hard/crt0.o
LOAD ./Core/Src/BASE64/BASE64_FUN.o
LOAD ./Core/Src/BASE64/BASE64_VAR.o
LOAD ./Core/Src/CAN_Lib/CAN_Lib.o
LOAD ./Core/Src/can.o
LOAD ./Core/Src/gpio.o
LOAD ./Core/Src/i2c.o
LOAD ./Core/Src/i2s.o
LOAD ./Core/Src/main.o
LOAD ./Core/Src/spi.o
LOAD ./Core/Src/stm32f4xx_hal_msp.o
LOAD ./Core/Src/stm32f4xx_it.o
LOAD ./Core/Src/syscalls.o
LOAD ./Core/Src/sysmem.o
LOAD ./Core/Src/system_stm32f4xx.o
LOAD ./Core/Startup/startup_stm32f407vgtx.o
LOAD ./Drivers/STM32F4xx_HAL_Driver/Src/stm32f4xx_hal.o
LOAD ./Drivers/STM32F4xx_HAL_Driver/Src/stm32f4xx_hal_can.o
LOAD ./Drivers/STM32F4xx_HAL_Driver/Src/stm32f4xx_hal_cortex.o
LOAD ./Drivers/STM32F4xx_HAL_Driver/Src/stm32f4xx_hal_dma.o
LOAD ./Drivers/STM32F4xx_HAL_Driver/Src/stm32f4xx_hal_dma_ex.o
LOAD ./Drivers/STM32F4xx_HAL_Driver/Src/stm32f4xx_hal_exti.o
LOAD ./Drivers/STM32F4xx_HAL_Driver/Src/stm32f4xx_hal_flash.o
LOAD ./Drivers/STM32F4xx_HAL_Driver/Src/stm32f4xx_hal_flash_ex.o
LOAD ./Drivers/STM32F4xx_HAL_Driver/Src/stm32f4xx_hal_flash_ramfunc.o
LOAD ./Drivers/STM32F4xx_HAL_Driver/Src/stm32f4xx_hal_gpio.o
LOAD ./Drivers/STM32F4xx_HAL_Driver/Src/stm32f4xx_hal_hcd.o
LOAD ./Drivers/STM32F4xx_HAL_Driver/Src/stm32f4xx_hal_i2c.o
LOAD ./Drivers/STM32F4xx_HAL_Driver/Src/stm32f4xx_hal_i2c_ex.o
LOAD ./Drivers/STM32F4xx_HAL_Driver/Src/stm32f4xx_hal_i2s.o
LOAD ./Drivers/STM32F4xx_HAL_Driver/Src/stm32f4xx_hal_i2s_ex.o
LOAD ./Drivers/STM32F4xx_HAL_Driver/Src/stm32f4xx_hal_pwr.o
LOAD ./Drivers/STM32F4xx_HAL_Driver/Src/stm32f4xx_hal_pwr_ex.o
LOAD ./Drivers/STM32F4xx_HAL_Driver/Src/stm32f4xx_hal_rcc.o
LOAD ./Drivers/STM32F4xx_HAL_Driver/Src/stm32f4xx_hal_rcc_ex.o
LOAD ./Drivers/STM32F4xx_HAL_Driver/Src/stm32f4xx_hal_spi.o
LOAD ./Drivers/STM32F4xx_HAL_Driver/Src/stm32f4xx_ll_usb.o
LOAD ./Middlewares/ST/STM32_USB_Host_Library/Class/CDC/Src/usbh_cdc.o
LOAD ./Middlewares/ST/STM32_USB_Host_Library/Core/Src/usbh_core.o
LOAD ./Middlewares/ST/STM32_USB_Host_Library/Core/Src/usbh_ctlreq.o
LOAD ./Middlewares/ST/STM32_USB_Host_Library/Core/Src/usbh_ioreq.o
LOAD ./Middlewares/ST/STM32_USB_Host_Library/Core/Src/usbh_pipes.o
LOAD ./USB_HOST/App/usb_host.o
LOAD ./USB_HOST/Target/usbh_conf.o
LOAD ./USB_HOST/Target/usbh_platform.o
START GROUP
LOAD C:/ST/STM32CubeIDE_1.19.0/STM32CubeIDE/plugins/com.st.stm32cube.ide.mcu.externaltools.gnu-tools-for-stm32.13.3.rel1.win32_1.0.0.202411081344/tools/bin/../lib/gcc/arm-none-eabi/13.3.1/../../../../arm-none-eabi/lib/thumb/v7e-m+fp/hard\libc_nano.a
LOAD C:/ST/STM32CubeIDE_1.19.0/STM32CubeIDE/plugins/com.st.stm32cube.ide.mcu.externaltools.gnu-tools-for-stm32.13.3.rel1.win32_1.0.0.202411081344/tools/bin/../lib/gcc/arm-none-eabi/13.3.1/../../../../arm-none-eabi/lib/thumb/v7e-m+fp/hard\libm.a
END GROUP
START GROUP
LOAD C:/ST/STM32CubeIDE_1.19.0/STM32CubeIDE/plugins/com.st.stm32cube.ide.mcu.externaltools.gnu-tools-for-stm32.13.3.rel1.win32_1.0.0.202411081344/tools/bin/../lib/gcc/arm-none-eabi/13.3.1/thumb/v7e-m+fp/hard\libgcc.a
LOAD C:/ST/STM32CubeIDE_1.19.0/STM32CubeIDE/plugins/com.st.stm32cube.ide.mcu.externaltools.gnu-tools-for-stm32.13.3.rel1.win32_1.0.0.202411081344/tools/bin/../lib/gcc/arm-none-eabi/13.3.1/../../../../arm-none-eabi/lib/thumb/v7e-m+fp/hard\libc_nano.a
END GROUP
START GROUP
LOAD C:/ST/STM32CubeIDE_1.19.0/STM32CubeIDE/plugins/com.st.stm32cube.ide.mcu.externaltools.gnu-tools-for-stm32.13.3.rel1.win32_1.0.0.202411081344/tools/bin/../lib/gcc/arm-none-eabi/13.3.1/thumb/v7e-m+fp/hard\libgcc.a
LOAD C:/ST/STM32CubeIDE_1.19.0/STM32CubeIDE/plugins/com.st.stm32cube.ide.mcu.externaltools.gnu-tools-for-stm32.13.3.rel1.win32_1.0.0.202411081344/tools/bin/../lib/gcc/arm-none-eabi/13.3.1/../../../../arm-none-eabi/lib/thumb/v7e-m+fp/hard\libc_nano.a
LOAD C:/ST/STM32CubeIDE_1.19.0/STM32CubeIDE/plugins/com.st.stm32cube.ide.mcu.externaltools.gnu-tools-for-stm32.13.3.rel1.win32_1.0.0.202411081344/tools/bin/../lib/gcc/arm-none-eabi/13.3.1/../../../../arm-none-eabi/lib/thumb/v7e-m+fp/hard\libnosys.a
END GROUP
START GROUP
LOAD C:/ST/STM32CubeIDE_1.19.0/STM32CubeIDE/plugins/com.st.stm32cube.ide.mcu.externaltools.gnu-tools-for-stm32.13.3.rel1.win32_1.0.0.202411081344/tools/bin/../lib/gcc/arm-none-eabi/13.3.1/thumb/v7e-m+fp/hard\libgcc.a
LOAD C:/ST/STM32CubeIDE_1.19.0/STM32CubeIDE/plugins/com.st.stm32cube.ide.mcu.externaltools.gnu-tools-for-stm32.13.3.rel1.win32_1.0.0.202411081344/tools/bin/../lib/gcc/arm-none-eabi/13.3.1/../../../../arm-none-eabi/lib/thumb/v7e-m+fp/hard\libc_nano.a
LOAD C:/ST/STM32CubeIDE_1.19.0/STM32CubeIDE/plugins/com.st.stm32cube.ide.mcu.externaltools.gnu-tools-for-stm32.13.3.rel1.win32_1.0.0.202411081344/tools/bin/../lib/gcc/arm-none-eabi/13.3.1/../../../../arm-none-eabi/lib/thumb/v7e-m+fp/hard\libnosys.a
END GROUP
LOAD C:/ST/STM32CubeIDE_1.19.0/STM32CubeIDE/plugins/com.st.stm32cube.ide.mcu.externaltools.gnu-tools-for-stm32.13.3.rel1.win32_1.0.0.202411081344/tools/bin/../lib/gcc/arm-none-eabi/13.3.1/thumb/v7e-m+fp/hard/crtend.o
LOAD C:/ST/STM32CubeIDE_1.19.0/STM32CubeIDE/plugins/com.st.stm32cube.ide.mcu.externaltools.gnu-tools-for-stm32.13.3.rel1.win32_1.0.0.202411081344/tools/bin/../lib/gcc/arm-none-eabi/13.3.1/thumb/v7e-m+fp/hard/crtn.o
                0x20020000                        _estack = (ORIGIN (RAM) + LENGTH (RAM))
                0x00000200                        _Min_Heap_Size = 0x200
                0x00000400                        _Min_Stack_Size = 0x400

.isr_vector     0x08000000      0x188
                0x08000000                        . = ALIGN (0x4)
 *(.isr_vector)
 .isr_vector    0x08000000      0x188 ./Core/Startup/startup_stm32f407vgtx.o
                0x08000000                g_pfnVectors
                0x08000188                        . = ALIGN (0x4)

.text           0x08000188     0x986c
                0x08000188                        . = ALIGN (0x4)
 *(.text)
 .text          0x08000188       0x40 C:/ST/STM32CubeIDE_1.19.0/STM32CubeIDE/plugins/com.st.stm32cube.ide.mcu.externaltools.gnu-tools-for-stm32.13.3.rel1.win32_1.0.0.202411081344/tools/bin/../lib/gcc/arm-none-eabi/13.3.1/thumb/v7e-m+fp/hard/crtbegin.o
 .text          0x080001c8       0x30 C:/ST/STM32CubeIDE_1.19.0/STM32CubeIDE/plugins/com.st.stm32cube.ide.mcu.externaltools.gnu-tools-for-stm32.13.3.rel1.win32_1.0.0.202411081344/tools/bin/../lib/gcc/arm-none-eabi/13.3.1/thumb/v7e-m+fp/hard\libgcc.a(_aeabi_uldivmod.o)
                0x080001c8                __aeabi_uldivmod
 .text          0x080001f8      0x2f8 C:/ST/STM32CubeIDE_1.19.0/STM32CubeIDE/plugins/com.st.stm32cube.ide.mcu.externaltools.gnu-tools-for-stm32.13.3.rel1.win32_1.0.0.202411081344/tools/bin/../lib/gcc/arm-none-eabi/13.3.1/thumb/v7e-m+fp/hard\libgcc.a(_udivmoddi4.o)
                0x080001f8                __udivmoddi4
 .text          0x080004f0        0x4 C:/ST/STM32CubeIDE_1.19.0/STM32CubeIDE/plugins/com.st.stm32cube.ide.mcu.externaltools.gnu-tools-for-stm32.13.3.rel1.win32_1.0.0.202411081344/tools/bin/../lib/gcc/arm-none-eabi/13.3.1/thumb/v7e-m+fp/hard\libgcc.a(_dvmd_tls.o)
                0x080004f0                __aeabi_idiv0
                0x080004f0                __aeabi_ldiv0
 *(.text*)
 .text.BASE64_FUN_encode
                0x080004f4      0x200 ./Core/Src/BASE64/BASE64_FUN.o
                0x080004f4                BASE64_FUN_encode
 .text.CAN_Struct_Init
                0x080006f4       0x8c ./Core/Src/CAN_Lib/CAN_Lib.o
                0x080006f4                CAN_Struct_Init
 .text.CAN_Recive_Msg
                0x08000780       0xf4 ./Core/Src/CAN_Lib/CAN_Lib.o
                0x08000780                CAN_Recive_Msg
 .text.CAN_Send_Init
                0x08000874       0x78 ./Core/Src/CAN_Lib/CAN_Lib.o
                0x08000874                CAN_Send_Init
 .text.Dummy_func
                0x080008ec       0x74 ./Core/Src/CAN_Lib/CAN_Lib.o
                0x080008ec                Dummy_func
 .text.MX_CAN1_Init
                0x08000960       0x6c ./Core/Src/can.o
                0x08000960                MX_CAN1_Init
 .text.HAL_CAN_MspInit
                0x080009cc       0xa0 ./Core/Src/can.o
                0x080009cc                HAL_CAN_MspInit
 .text.MX_GPIO_Init
                0x08000a6c      0x1fc ./Core/Src/gpio.o
                0x08000a6c                MX_GPIO_Init
 .text.MX_I2C1_Init
                0x08000c68       0x5c ./Core/Src/i2c.o
                0x08000c68                MX_I2C1_Init
 .text.HAL_I2C_MspInit
                0x08000cc4       0x90 ./Core/Src/i2c.o
                0x08000cc4                HAL_I2C_MspInit
 .text.MX_I2S3_Init
                0x08000d54       0x60 ./Core/Src/i2s.o
                0x08000d54                MX_I2S3_Init
 .text.HAL_I2S_MspInit
                0x08000db4      0x100 ./Core/Src/i2s.o
                0x08000db4                HAL_I2S_MspInit
 .text.main     0x08000eb4       0x48 ./Core/Src/main.o
                0x08000eb4                main
 .text.SystemClock_Config
                0x08000efc       0xd4 ./Core/Src/main.o
                0x08000efc                SystemClock_Config
 .text.HAL_CAN_RxFifo0MsgPendingCallback
                0x08000fd0       0x1c ./Core/Src/main.o
                0x08000fd0                HAL_CAN_RxFifo0MsgPendingCallback
 .text.Error_Handler
                0x08000fec        0xc ./Core/Src/main.o
                0x08000fec                Error_Handler
 .text.MX_SPI1_Init
                0x08000ff8       0x6c ./Core/Src/spi.o
                0x08000ff8                MX_SPI1_Init
 .text.HAL_SPI_MspInit
                0x08001064       0x90 ./Core/Src/spi.o
                0x08001064                HAL_SPI_MspInit
 .text.HAL_MspInit
                0x080010f4       0x50 ./Core/Src/stm32f4xx_hal_msp.o
                0x080010f4                HAL_MspInit
 .text.NMI_Handler
                0x08001144        0x8 ./Core/Src/stm32f4xx_it.o
                0x08001144                NMI_Handler
 .text.HardFault_Handler
                0x0800114c        0x8 ./Core/Src/stm32f4xx_it.o
                0x0800114c                HardFault_Handler
 .text.MemManage_Handler
                0x08001154        0x8 ./Core/Src/stm32f4xx_it.o
                0x08001154                MemManage_Handler
 .text.BusFault_Handler
                0x0800115c        0x8 ./Core/Src/stm32f4xx_it.o
                0x0800115c                BusFault_Handler
 .text.UsageFault_Handler
                0x08001164        0x8 ./Core/Src/stm32f4xx_it.o
                0x08001164                UsageFault_Handler
 .text.SVC_Handler
                0x0800116c        0xe ./Core/Src/stm32f4xx_it.o
                0x0800116c                SVC_Handler
 .text.DebugMon_Handler
                0x0800117a        0xe ./Core/Src/stm32f4xx_it.o
                0x0800117a                DebugMon_Handler
 .text.PendSV_Handler
                0x08001188        0xe ./Core/Src/stm32f4xx_it.o
                0x08001188                PendSV_Handler
 .text.SysTick_Handler
                0x08001196        0xc ./Core/Src/stm32f4xx_it.o
                0x08001196                SysTick_Handler
 *fill*         0x080011a2        0x2 
 .text.CAN1_RX0_IRQHandler
                0x080011a4       0x14 ./Core/Src/stm32f4xx_it.o
                0x080011a4                CAN1_RX0_IRQHandler
 .text.OTG_FS_IRQHandler
                0x080011b8       0x14 ./Core/Src/stm32f4xx_it.o
                0x080011b8                OTG_FS_IRQHandler
 .text._sbrk    0x080011cc       0x6c ./Core/Src/sysmem.o
                0x080011cc                _sbrk
 .text.SystemInit
                0x08001238       0x24 ./Core/Src/system_stm32f4xx.o
                0x08001238                SystemInit
 .text.Reset_Handler
                0x0800125c       0x50 ./Core/Startup/startup_stm32f407vgtx.o
                0x0800125c                Reset_Handler
 .text.Default_Handler
                0x080012ac        0x2 ./Core/Startup/startup_stm32f407vgtx.o
                0x080012ac                RTC_Alarm_IRQHandler
                0x080012ac                HASH_RNG_IRQHandler
                0x080012ac                EXTI2_IRQHandler
                0x080012ac                TIM8_CC_IRQHandler
                0x080012ac                TIM1_CC_IRQHandler
                0x080012ac                DMA2_Stream5_IRQHandler
                0x080012ac                DMA1_Stream5_IRQHandler
                0x080012ac                PVD_IRQHandler
                0x080012ac                SDIO_IRQHandler
                0x080012ac                TAMP_STAMP_IRQHandler
                0x080012ac                CAN2_RX1_IRQHandler
                0x080012ac                EXTI3_IRQHandler
                0x080012ac                TIM8_TRG_COM_TIM14_IRQHandler
                0x080012ac                TIM1_UP_TIM10_IRQHandler
                0x080012ac                TIM8_UP_TIM13_IRQHandler
                0x080012ac                I2C3_ER_IRQHandler
                0x080012ac                EXTI0_IRQHandler
                0x080012ac                I2C2_EV_IRQHandler
                0x080012ac                DMA1_Stream2_IRQHandler
                0x080012ac                FPU_IRQHandler
                0x080012ac                OTG_HS_WKUP_IRQHandler
                0x080012ac                CAN2_SCE_IRQHandler
                0x080012ac                DMA2_Stream2_IRQHandler
                0x080012ac                SPI1_IRQHandler
                0x080012ac                TIM6_DAC_IRQHandler
                0x080012ac                TIM1_BRK_TIM9_IRQHandler
                0x080012ac                DCMI_IRQHandler
                0x080012ac                CAN2_RX0_IRQHandler
                0x080012ac                DMA2_Stream3_IRQHandler
                0x080012ac                USART6_IRQHandler
                0x080012ac                USART3_IRQHandler
                0x080012ac                CAN1_RX1_IRQHandler
                0x080012ac                UART5_IRQHandler
                0x080012ac                DMA2_Stream0_IRQHandler
                0x080012ac                TIM4_IRQHandler
                0x080012ac                I2C1_EV_IRQHandler
                0x080012ac                DMA1_Stream6_IRQHandler
                0x080012ac                DMA1_Stream1_IRQHandler
                0x080012ac                UART4_IRQHandler
                0x080012ac                TIM3_IRQHandler
                0x080012ac                RCC_IRQHandler
                0x080012ac                TIM8_BRK_TIM12_IRQHandler
                0x080012ac                Default_Handler
                0x080012ac                EXTI15_10_IRQHandler
                0x080012ac                ADC_IRQHandler
                0x080012ac                DMA1_Stream7_IRQHandler
                0x080012ac                TIM7_IRQHandler
                0x080012ac                CAN2_TX_IRQHandler
                0x080012ac                TIM5_IRQHandler
                0x080012ac                DMA2_Stream7_IRQHandler
                0x080012ac                I2C3_EV_IRQHandler
                0x080012ac                EXTI9_5_IRQHandler
                0x080012ac                RTC_WKUP_IRQHandler
                0x080012ac                ETH_WKUP_IRQHandler
                0x080012ac                SPI2_IRQHandler
                0x080012ac                OTG_HS_EP1_IN_IRQHandler
                0x080012ac                DMA1_Stream0_IRQHandler
                0x080012ac                CAN1_TX_IRQHandler
                0x080012ac                EXTI4_IRQHandler
                0x080012ac                FSMC_IRQHandler
                0x080012ac                ETH_IRQHandler
                0x080012ac                OTG_HS_EP1_OUT_IRQHandler
                0x080012ac                WWDG_IRQHandler
                0x080012ac                TIM2_IRQHandler
                0x080012ac                OTG_FS_WKUP_IRQHandler
                0x080012ac                TIM1_TRG_COM_TIM11_IRQHandler
                0x080012ac                OTG_HS_IRQHandler
                0x080012ac                EXTI1_IRQHandler
                0x080012ac                USART2_IRQHandler
                0x080012ac                I2C2_ER_IRQHandler
                0x080012ac                DMA2_Stream1_IRQHandler
                0x080012ac                CAN1_SCE_IRQHandler
                0x080012ac                FLASH_IRQHandler
                0x080012ac                DMA2_Stream4_IRQHandler
                0x080012ac                USART1_IRQHandler
                0x080012ac                SPI3_IRQHandler
                0x080012ac                DMA1_Stream4_IRQHandler
                0x080012ac                I2C1_ER_IRQHandler
                0x080012ac                DMA2_Stream6_IRQHandler
                0x080012ac                DMA1_Stream3_IRQHandler
 *fill*         0x080012ae        0x2 
 .text.HAL_Init
                0x080012b0       0x44 ./Drivers/STM32F4xx_HAL_Driver/Src/stm32f4xx_hal.o
                0x080012b0                HAL_Init
 .text.HAL_InitTick
                0x080012f4       0x60 ./Drivers/STM32F4xx_HAL_Driver/Src/stm32f4xx_hal.o
                0x080012f4                HAL_InitTick
 .text.HAL_IncTick
                0x08001354       0x28 ./Drivers/STM32F4xx_HAL_Driver/Src/stm32f4xx_hal.o
                0x08001354                HAL_IncTick
 .text.HAL_GetTick
                0x0800137c       0x18 ./Drivers/STM32F4xx_HAL_Driver/Src/stm32f4xx_hal.o
                0x0800137c                HAL_GetTick
 .text.HAL_Delay
                0x08001394       0x48 ./Drivers/STM32F4xx_HAL_Driver/Src/stm32f4xx_hal.o
                0x08001394                HAL_Delay
 .text.HAL_CAN_Init
                0x080013dc      0x1f6 ./Drivers/STM32F4xx_HAL_Driver/Src/stm32f4xx_hal_can.o
                0x080013dc                HAL_CAN_Init
 .text.HAL_CAN_Start
                0x080015d2       0x88 ./Drivers/STM32F4xx_HAL_Driver/Src/stm32f4xx_hal_can.o
                0x080015d2                HAL_CAN_Start
 .text.HAL_CAN_GetRxMessage
                0x0800165a      0x244 ./Drivers/STM32F4xx_HAL_Driver/Src/stm32f4xx_hal_can.o
                0x0800165a                HAL_CAN_GetRxMessage
 .text.HAL_CAN_ActivateNotification
                0x0800189e       0x4c ./Drivers/STM32F4xx_HAL_Driver/Src/stm32f4xx_hal_can.o
                0x0800189e                HAL_CAN_ActivateNotification
 .text.HAL_CAN_IRQHandler
                0x080018ea      0x36e ./Drivers/STM32F4xx_HAL_Driver/Src/stm32f4xx_hal_can.o
                0x080018ea                HAL_CAN_IRQHandler
 .text.HAL_CAN_TxMailbox0CompleteCallback
                0x08001c58       0x14 ./Drivers/STM32F4xx_HAL_Driver/Src/stm32f4xx_hal_can.o
                0x08001c58                HAL_CAN_TxMailbox0CompleteCallback
 .text.HAL_CAN_TxMailbox1CompleteCallback
                0x08001c6c       0x14 ./Drivers/STM32F4xx_HAL_Driver/Src/stm32f4xx_hal_can.o
                0x08001c6c                HAL_CAN_TxMailbox1CompleteCallback
 .text.HAL_CAN_TxMailbox2CompleteCallback
                0x08001c80       0x14 ./Drivers/STM32F4xx_HAL_Driver/Src/stm32f4xx_hal_can.o
                0x08001c80                HAL_CAN_TxMailbox2CompleteCallback
 .text.HAL_CAN_TxMailbox0AbortCallback
                0x08001c94       0x14 ./Drivers/STM32F4xx_HAL_Driver/Src/stm32f4xx_hal_can.o
                0x08001c94                HAL_CAN_TxMailbox0AbortCallback
 .text.HAL_CAN_TxMailbox1AbortCallback
                0x08001ca8       0x14 ./Drivers/STM32F4xx_HAL_Driver/Src/stm32f4xx_hal_can.o
                0x08001ca8                HAL_CAN_TxMailbox1AbortCallback
 .text.HAL_CAN_TxMailbox2AbortCallback
                0x08001cbc       0x14 ./Drivers/STM32F4xx_HAL_Driver/Src/stm32f4xx_hal_can.o
                0x08001cbc                HAL_CAN_TxMailbox2AbortCallback
 .text.HAL_CAN_RxFifo0FullCallback
                0x08001cd0       0x14 ./Drivers/STM32F4xx_HAL_Driver/Src/stm32f4xx_hal_can.o
                0x08001cd0                HAL_CAN_RxFifo0FullCallback
 .text.HAL_CAN_RxFifo1MsgPendingCallback
                0x08001ce4       0x14 ./Drivers/STM32F4xx_HAL_Driver/Src/stm32f4xx_hal_can.o
                0x08001ce4                HAL_CAN_RxFifo1MsgPendingCallback
 .text.HAL_CAN_RxFifo1FullCallback
                0x08001cf8       0x14 ./Drivers/STM32F4xx_HAL_Driver/Src/stm32f4xx_hal_can.o
                0x08001cf8                HAL_CAN_RxFifo1FullCallback
 .text.HAL_CAN_SleepCallback
                0x08001d0c       0x14 ./Drivers/STM32F4xx_HAL_Driver/Src/stm32f4xx_hal_can.o
                0x08001d0c                HAL_CAN_SleepCallback
 .text.HAL_CAN_WakeUpFromRxMsgCallback
                0x08001d20       0x14 ./Drivers/STM32F4xx_HAL_Driver/Src/stm32f4xx_hal_can.o
                0x08001d20                HAL_CAN_WakeUpFromRxMsgCallback
 .text.HAL_CAN_ErrorCallback
                0x08001d34       0x14 ./Drivers/STM32F4xx_HAL_Driver/Src/stm32f4xx_hal_can.o
                0x08001d34                HAL_CAN_ErrorCallback
 .text.__NVIC_SetPriorityGrouping
                0x08001d48       0x48 ./Drivers/STM32F4xx_HAL_Driver/Src/stm32f4xx_hal_cortex.o
 .text.__NVIC_GetPriorityGrouping
                0x08001d90       0x1c ./Drivers/STM32F4xx_HAL_Driver/Src/stm32f4xx_hal_cortex.o
 .text.__NVIC_EnableIRQ
                0x08001dac       0x3c ./Drivers/STM32F4xx_HAL_Driver/Src/stm32f4xx_hal_cortex.o
 .text.__NVIC_SetPriority
                0x08001de8       0x54 ./Drivers/STM32F4xx_HAL_Driver/Src/stm32f4xx_hal_cortex.o
 .text.NVIC_EncodePriority
                0x08001e3c       0x66 ./Drivers/STM32F4xx_HAL_Driver/Src/stm32f4xx_hal_cortex.o
 *fill*         0x08001ea2        0x2 
 .text.SysTick_Config
                0x08001ea4       0x44 ./Drivers/STM32F4xx_HAL_Driver/Src/stm32f4xx_hal_cortex.o
 .text.HAL_NVIC_SetPriorityGrouping
                0x08001ee8       0x16 ./Drivers/STM32F4xx_HAL_Driver/Src/stm32f4xx_hal_cortex.o
                0x08001ee8                HAL_NVIC_SetPriorityGrouping
 .text.HAL_NVIC_SetPriority
                0x08001efe       0x38 ./Drivers/STM32F4xx_HAL_Driver/Src/stm32f4xx_hal_cortex.o
                0x08001efe                HAL_NVIC_SetPriority
 .text.HAL_NVIC_EnableIRQ
                0x08001f36       0x1c ./Drivers/STM32F4xx_HAL_Driver/Src/stm32f4xx_hal_cortex.o
                0x08001f36                HAL_NVIC_EnableIRQ
 .text.HAL_SYSTICK_Config
                0x08001f52       0x18 ./Drivers/STM32F4xx_HAL_Driver/Src/stm32f4xx_hal_cortex.o
                0x08001f52                HAL_SYSTICK_Config
 *fill*         0x08001f6a        0x2 
 .text.HAL_GPIO_Init
                0x08001f6c      0x338 ./Drivers/STM32F4xx_HAL_Driver/Src/stm32f4xx_hal_gpio.o
                0x08001f6c                HAL_GPIO_Init
 .text.HAL_GPIO_WritePin
                0x080022a4       0x32 ./Drivers/STM32F4xx_HAL_Driver/Src/stm32f4xx_hal_gpio.o
                0x080022a4                HAL_GPIO_WritePin
 .text.HAL_HCD_Init
                0x080022d6       0xce ./Drivers/STM32F4xx_HAL_Driver/Src/stm32f4xx_hal_hcd.o
                0x080022d6                HAL_HCD_Init
 .text.HAL_HCD_HC_Init
                0x080023a4      0x170 ./Drivers/STM32F4xx_HAL_Driver/Src/stm32f4xx_hal_hcd.o
                0x080023a4                HAL_HCD_HC_Init
 .text.HAL_HCD_HC_SubmitRequest
                0x08002514      0x33c ./Drivers/STM32F4xx_HAL_Driver/Src/stm32f4xx_hal_hcd.o
                0x08002514                HAL_HCD_HC_SubmitRequest
 .text.HAL_HCD_IRQHandler
                0x08002850      0x220 ./Drivers/STM32F4xx_HAL_Driver/Src/stm32f4xx_hal_hcd.o
                0x08002850                HAL_HCD_IRQHandler
 .text.HAL_HCD_Start
                0x08002a70       0x46 ./Drivers/STM32F4xx_HAL_Driver/Src/stm32f4xx_hal_hcd.o
                0x08002a70                HAL_HCD_Start
 .text.HAL_HCD_Stop
                0x08002ab6       0x3a ./Drivers/STM32F4xx_HAL_Driver/Src/stm32f4xx_hal_hcd.o
                0x08002ab6                HAL_HCD_Stop
 .text.HAL_HCD_ResetPort
                0x08002af0       0x1c ./Drivers/STM32F4xx_HAL_Driver/Src/stm32f4xx_hal_hcd.o
                0x08002af0                HAL_HCD_ResetPort
 .text.HAL_HCD_HC_GetURBState
                0x08002b0c       0x2a ./Drivers/STM32F4xx_HAL_Driver/Src/stm32f4xx_hal_hcd.o
                0x08002b0c                HAL_HCD_HC_GetURBState
 .text.HAL_HCD_HC_GetXferCount
                0x08002b36       0x2a ./Drivers/STM32F4xx_HAL_Driver/Src/stm32f4xx_hal_hcd.o
                0x08002b36                HAL_HCD_HC_GetXferCount
 .text.HAL_HCD_GetCurrentFrame
                0x08002b60       0x1c ./Drivers/STM32F4xx_HAL_Driver/Src/stm32f4xx_hal_hcd.o
                0x08002b60                HAL_HCD_GetCurrentFrame
 .text.HAL_HCD_GetCurrentSpeed
                0x08002b7c       0x1c ./Drivers/STM32F4xx_HAL_Driver/Src/stm32f4xx_hal_hcd.o
                0x08002b7c                HAL_HCD_GetCurrentSpeed
 .text.HAL_HCD_HC_ClearHubInfo
                0x08002b98       0x6a ./Drivers/STM32F4xx_HAL_Driver/Src/stm32f4xx_hal_hcd.o
                0x08002b98                HAL_HCD_HC_ClearHubInfo
 .text.HCD_HC_IN_IRQHandler
                0x08002c02      0xcd2 ./Drivers/STM32F4xx_HAL_Driver/Src/stm32f4xx_hal_hcd.o
 .text.HCD_HC_OUT_IRQHandler
                0x080038d4      0x97e ./Drivers/STM32F4xx_HAL_Driver/Src/stm32f4xx_hal_hcd.o
 .text.HCD_RXQLVL_IRQHandler
                0x08004252      0x1be ./Drivers/STM32F4xx_HAL_Driver/Src/stm32f4xx_hal_hcd.o
 .text.HCD_Port_IRQHandler
                0x08004410       0xe6 ./Drivers/STM32F4xx_HAL_Driver/Src/stm32f4xx_hal_hcd.o
 *fill*         0x080044f6        0x2 
 .text.HAL_I2C_Init
                0x080044f8      0x288 ./Drivers/STM32F4xx_HAL_Driver/Src/stm32f4xx_hal_i2c.o
                0x080044f8                HAL_I2C_Init
 .text.HAL_I2S_Init
                0x08004780      0x280 ./Drivers/STM32F4xx_HAL_Driver/Src/stm32f4xx_hal_i2s.o
                0x08004780                HAL_I2S_Init
 .text.HAL_I2S_TxCpltCallback
                0x08004a00       0x14 ./Drivers/STM32F4xx_HAL_Driver/Src/stm32f4xx_hal_i2s.o
                0x08004a00                HAL_I2S_TxCpltCallback
 .text.HAL_I2S_RxCpltCallback
                0x08004a14       0x14 ./Drivers/STM32F4xx_HAL_Driver/Src/stm32f4xx_hal_i2s.o
                0x08004a14                HAL_I2S_RxCpltCallback
 .text.HAL_I2S_ErrorCallback
                0x08004a28       0x14 ./Drivers/STM32F4xx_HAL_Driver/Src/stm32f4xx_hal_i2s.o
                0x08004a28                HAL_I2S_ErrorCallback
 .text.I2S_Transmit_IT
                0x08004a3c       0x5c ./Drivers/STM32F4xx_HAL_Driver/Src/stm32f4xx_hal_i2s.o
 .text.I2S_Receive_IT
                0x08004a98       0x5e ./Drivers/STM32F4xx_HAL_Driver/Src/stm32f4xx_hal_i2s.o
 .text.I2S_IRQHandler
                0x08004af6      0x114 ./Drivers/STM32F4xx_HAL_Driver/Src/stm32f4xx_hal_i2s.o
 *fill*         0x08004c0a        0x2 
 .text.HAL_I2SEx_FullDuplex_IRQHandler
                0x08004c0c      0x2a8 ./Drivers/STM32F4xx_HAL_Driver/Src/stm32f4xx_hal_i2s_ex.o
                0x08004c0c                HAL_I2SEx_FullDuplex_IRQHandler
 .text.HAL_I2SEx_TxRxCpltCallback
                0x08004eb4       0x14 ./Drivers/STM32F4xx_HAL_Driver/Src/stm32f4xx_hal_i2s_ex.o
                0x08004eb4                HAL_I2SEx_TxRxCpltCallback
 .text.I2SEx_TxISR_I2S
                0x08004ec8       0x62 ./Drivers/STM32F4xx_HAL_Driver/Src/stm32f4xx_hal_i2s_ex.o
 *fill*         0x08004f2a        0x2 
 .text.I2SEx_TxISR_I2SExt
                0x08004f2c       0x98 ./Drivers/STM32F4xx_HAL_Driver/Src/stm32f4xx_hal_i2s_ex.o
 .text.I2SEx_RxISR_I2S
                0x08004fc4       0x64 ./Drivers/STM32F4xx_HAL_Driver/Src/stm32f4xx_hal_i2s_ex.o
 .text.I2SEx_RxISR_I2SExt
                0x08005028       0x98 ./Drivers/STM32F4xx_HAL_Driver/Src/stm32f4xx_hal_i2s_ex.o
 .text.HAL_RCC_OscConfig
                0x080050c0      0x4f0 ./Drivers/STM32F4xx_HAL_Driver/Src/stm32f4xx_hal_rcc.o
                0x080050c0                HAL_RCC_OscConfig
 .text.HAL_RCC_ClockConfig
                0x080055b0      0x1cc ./Drivers/STM32F4xx_HAL_Driver/Src/stm32f4xx_hal_rcc.o
                0x080055b0                HAL_RCC_ClockConfig
 .text.HAL_RCC_GetSysClockFreq
                0x0800577c      0x20c ./Drivers/STM32F4xx_HAL_Driver/Src/stm32f4xx_hal_rcc.o
                0x0800577c                HAL_RCC_GetSysClockFreq
 .text.HAL_RCC_GetHCLKFreq
                0x08005988       0x18 ./Drivers/STM32F4xx_HAL_Driver/Src/stm32f4xx_hal_rcc.o
                0x08005988                HAL_RCC_GetHCLKFreq
 .text.HAL_RCC_GetPCLK1Freq
                0x080059a0       0x28 ./Drivers/STM32F4xx_HAL_Driver/Src/stm32f4xx_hal_rcc.o
                0x080059a0                HAL_RCC_GetPCLK1Freq
 .text.HAL_RCCEx_PeriphCLKConfig
                0x080059c8      0x1c4 ./Drivers/STM32F4xx_HAL_Driver/Src/stm32f4xx_hal_rcc_ex.o
                0x080059c8                HAL_RCCEx_PeriphCLKConfig
 .text.HAL_RCCEx_GetPeriphCLKFreq
                0x08005b8c       0xc0 ./Drivers/STM32F4xx_HAL_Driver/Src/stm32f4xx_hal_rcc_ex.o
                0x08005b8c                HAL_RCCEx_GetPeriphCLKFreq
 .text.HAL_SPI_Init
                0x08005c4c      0x112 ./Drivers/STM32F4xx_HAL_Driver/Src/stm32f4xx_hal_spi.o
                0x08005c4c                HAL_SPI_Init
 .text.USB_CoreInit
                0x08005d5e       0xc8 ./Drivers/STM32F4xx_HAL_Driver/Src/stm32f4xx_ll_usb.o
                0x08005d5e                USB_CoreInit
 .text.USB_EnableGlobalInt
                0x08005e26       0x22 ./Drivers/STM32F4xx_HAL_Driver/Src/stm32f4xx_ll_usb.o
                0x08005e26                USB_EnableGlobalInt
 .text.USB_DisableGlobalInt
                0x08005e48       0x22 ./Drivers/STM32F4xx_HAL_Driver/Src/stm32f4xx_ll_usb.o
                0x08005e48                USB_DisableGlobalInt
 .text.USB_SetCurrentMode
                0x08005e6a       0x98 ./Drivers/STM32F4xx_HAL_Driver/Src/stm32f4xx_ll_usb.o
                0x08005e6a                USB_SetCurrentMode
 .text.USB_FlushTxFifo
                0x08005f02       0x64 ./Drivers/STM32F4xx_HAL_Driver/Src/stm32f4xx_ll_usb.o
                0x08005f02                USB_FlushTxFifo
 .text.USB_FlushRxFifo
                0x08005f66       0x5c ./Drivers/STM32F4xx_HAL_Driver/Src/stm32f4xx_ll_usb.o
                0x08005f66                USB_FlushRxFifo
 .text.USB_WritePacket
                0x08005fc2       0x7c ./Drivers/STM32F4xx_HAL_Driver/Src/stm32f4xx_ll_usb.o
                0x08005fc2                USB_WritePacket
 .text.USB_ReadPacket
                0x0800603e       0xb0 ./Drivers/STM32F4xx_HAL_Driver/Src/stm32f4xx_ll_usb.o
                0x0800603e                USB_ReadPacket
 .text.USB_ReadInterrupts
                0x080060ee       0x26 ./Drivers/STM32F4xx_HAL_Driver/Src/stm32f4xx_ll_usb.o
                0x080060ee                USB_ReadInterrupts
 .text.USB_ReadChInterrupts
                0x08006114       0x42 ./Drivers/STM32F4xx_HAL_Driver/Src/stm32f4xx_ll_usb.o
                0x08006114                USB_ReadChInterrupts
 .text.USB_GetMode
                0x08006156       0x1c ./Drivers/STM32F4xx_HAL_Driver/Src/stm32f4xx_ll_usb.o
                0x08006156                USB_GetMode
 .text.USB_CoreReset
                0x08006172       0x70 ./Drivers/STM32F4xx_HAL_Driver/Src/stm32f4xx_ll_usb.o
 *fill*         0x080061e2        0x2 
 .text.USB_HostInit
                0x080061e4      0x188 ./Drivers/STM32F4xx_HAL_Driver/Src/stm32f4xx_ll_usb.o
                0x080061e4                USB_HostInit
 .text.USB_InitFSLSPClkSel
                0x0800636c       0x7a ./Drivers/STM32F4xx_HAL_Driver/Src/stm32f4xx_ll_usb.o
                0x0800636c                USB_InitFSLSPClkSel
 .text.USB_ResetPort
                0x080063e6       0x54 ./Drivers/STM32F4xx_HAL_Driver/Src/stm32f4xx_ll_usb.o
                0x080063e6                USB_ResetPort
 .text.USB_DriveVbus
                0x0800643a       0x72 ./Drivers/STM32F4xx_HAL_Driver/Src/stm32f4xx_ll_usb.o
                0x0800643a                USB_DriveVbus
 .text.USB_GetHostSpeed
                0x080064ac       0x2e ./Drivers/STM32F4xx_HAL_Driver/Src/stm32f4xx_ll_usb.o
                0x080064ac                USB_GetHostSpeed
 .text.USB_GetCurrentFrame
                0x080064da       0x22 ./Drivers/STM32F4xx_HAL_Driver/Src/stm32f4xx_ll_usb.o
                0x080064da                USB_GetCurrentFrame
 .text.USB_HC_Init
                0x080064fc      0x258 ./Drivers/STM32F4xx_HAL_Driver/Src/stm32f4xx_ll_usb.o
                0x080064fc                USB_HC_Init
 .text.USB_HC_StartXfer
                0x08006754      0x4f4 ./Drivers/STM32F4xx_HAL_Driver/Src/stm32f4xx_ll_usb.o
                0x08006754                USB_HC_StartXfer
 .text.USB_HC_ReadInterrupt
                0x08006c48       0x22 ./Drivers/STM32F4xx_HAL_Driver/Src/stm32f4xx_ll_usb.o
                0x08006c48                USB_HC_ReadInterrupt
 .text.USB_HC_Halt
                0x08006c6a      0x240 ./Drivers/STM32F4xx_HAL_Driver/Src/stm32f4xx_ll_usb.o
                0x08006c6a                USB_HC_Halt
 *fill*         0x08006eaa        0x2 
 .text.USB_DoPing
                0x08006eac       0x78 ./Drivers/STM32F4xx_HAL_Driver/Src/stm32f4xx_ll_usb.o
                0x08006eac                USB_DoPing
 .text.USB_StopHost
                0x08006f24      0x124 ./Drivers/STM32F4xx_HAL_Driver/Src/stm32f4xx_ll_usb.o
                0x08006f24                USB_StopHost
 .text.USBH_CDC_InterfaceInit
                0x08007048      0x2ac ./Middlewares/ST/STM32_USB_Host_Library/Class/CDC/Src/usbh_cdc.o
 .text.USBH_CDC_InterfaceDeInit
                0x080072f4       0xb2 ./Middlewares/ST/STM32_USB_Host_Library/Class/CDC/Src/usbh_cdc.o
 .text.USBH_CDC_ClassRequest
                0x080073a6       0x3e ./Middlewares/ST/STM32_USB_Host_Library/Class/CDC/Src/usbh_cdc.o
 .text.USBH_CDC_Process
                0x080073e4      0x12c ./Middlewares/ST/STM32_USB_Host_Library/Class/CDC/Src/usbh_cdc.o
 .text.USBH_CDC_SOFProcess
                0x08007510       0x16 ./Middlewares/ST/STM32_USB_Host_Library/Class/CDC/Src/usbh_cdc.o
 .text.GetLineCoding
                0x08007526       0x3e ./Middlewares/ST/STM32_USB_Host_Library/Class/CDC/Src/usbh_cdc.o
 .text.SetLineCoding
                0x08007564       0x3e ./Middlewares/ST/STM32_USB_Host_Library/Class/CDC/Src/usbh_cdc.o
 .text.CDC_ProcessTransmission
                0x080075a2       0xec ./Middlewares/ST/STM32_USB_Host_Library/Class/CDC/Src/usbh_cdc.o
 .text.CDC_ProcessReception
                0x0800768e       0xb6 ./Middlewares/ST/STM32_USB_Host_Library/Class/CDC/Src/usbh_cdc.o
 .text.USBH_CDC_TransmitCallback
                0x08007744       0x14 ./Middlewares/ST/STM32_USB_Host_Library/Class/CDC/Src/usbh_cdc.o
                0x08007744                USBH_CDC_TransmitCallback
 .text.USBH_CDC_ReceiveCallback
                0x08007758       0x14 ./Middlewares/ST/STM32_USB_Host_Library/Class/CDC/Src/usbh_cdc.o
                0x08007758                USBH_CDC_ReceiveCallback
 .text.USBH_CDC_LineCodingChanged
                0x0800776c       0x14 ./Middlewares/ST/STM32_USB_Host_Library/Class/CDC/Src/usbh_cdc.o
                0x0800776c                USBH_CDC_LineCodingChanged
 .text.USBH_Init
                0x08007780       0x74 ./Middlewares/ST/STM32_USB_Host_Library/Core/Src/usbh_core.o
                0x08007780                USBH_Init
 .text.DeInitStateMachine
                0x080077f4       0xe2 ./Middlewares/ST/STM32_USB_Host_Library/Core/Src/usbh_core.o
 .text.USBH_RegisterClass
                0x080078d6       0x54 ./Middlewares/ST/STM32_USB_Host_Library/Core/Src/usbh_core.o
                0x080078d6                USBH_RegisterClass
 .text.USBH_SelectInterface
                0x0800792a       0x38 ./Middlewares/ST/STM32_USB_Host_Library/Core/Src/usbh_core.o
                0x0800792a                USBH_SelectInterface
 .text.USBH_FindInterface
                0x08007962       0x8c ./Middlewares/ST/STM32_USB_Host_Library/Core/Src/usbh_core.o
                0x08007962                USBH_FindInterface
 .text.USBH_Start
                0x080079ee       0x20 ./Middlewares/ST/STM32_USB_Host_Library/Core/Src/usbh_core.o
                0x080079ee                USBH_Start
 *fill*         0x08007a0e        0x2 
 .text.USBH_Process
                0x08007a10      0x3d4 ./Middlewares/ST/STM32_USB_Host_Library/Core/Src/usbh_core.o
                0x08007a10                USBH_Process
 .text.USBH_HandleEnum
                0x08007de4      0x3c0 ./Middlewares/ST/STM32_USB_Host_Library/Core/Src/usbh_core.o
 .text.USBH_LL_SetTimer
                0x080081a4       0x1e ./Middlewares/ST/STM32_USB_Host_Library/Core/Src/usbh_core.o
                0x080081a4                USBH_LL_SetTimer
 .text.USBH_LL_IncTimer
                0x080081c2       0x24 ./Middlewares/ST/STM32_USB_Host_Library/Core/Src/usbh_core.o
                0x080081c2                USBH_LL_IncTimer
 .text.USBH_HandleSof
                0x080081e6       0x30 ./Middlewares/ST/STM32_USB_Host_Library/Core/Src/usbh_core.o
 .text.USBH_LL_PortEnabled
                0x08008216       0x1c ./Middlewares/ST/STM32_USB_Host_Library/Core/Src/usbh_core.o
                0x08008216                USBH_LL_PortEnabled
 .text.USBH_LL_PortDisabled
                0x08008232       0x24 ./Middlewares/ST/STM32_USB_Host_Library/Core/Src/usbh_core.o
                0x08008232                USBH_LL_PortDisabled
 .text.USBH_LL_Connect
                0x08008256       0x2e ./Middlewares/ST/STM32_USB_Host_Library/Core/Src/usbh_core.o
                0x08008256                USBH_LL_Connect
 .text.USBH_LL_Disconnect
                0x08008284       0x48 ./Middlewares/ST/STM32_USB_Host_Library/Core/Src/usbh_core.o
                0x08008284                USBH_LL_Disconnect
 .text.USBH_Get_DevDesc
                0x080082cc       0x58 ./Middlewares/ST/STM32_USB_Host_Library/Core/Src/usbh_ctlreq.o
                0x080082cc                USBH_Get_DevDesc
 .text.USBH_Get_CfgDesc
                0x08008324       0x54 ./Middlewares/ST/STM32_USB_Host_Library/Core/Src/usbh_ctlreq.o
                0x08008324                USBH_Get_CfgDesc
 .text.USBH_Get_StringDesc
                0x08008378       0x68 ./Middlewares/ST/STM32_USB_Host_Library/Core/Src/usbh_ctlreq.o
                0x08008378                USBH_Get_StringDesc
 .text.USBH_GetDescriptor
                0x080083e0       0x6a ./Middlewares/ST/STM32_USB_Host_Library/Core/Src/usbh_ctlreq.o
                0x080083e0                USBH_GetDescriptor
 .text.USBH_SetAddress
                0x0800844a       0x48 ./Middlewares/ST/STM32_USB_Host_Library/Core/Src/usbh_ctlreq.o
                0x0800844a                USBH_SetAddress
 .text.USBH_SetCfg
                0x08008492       0x46 ./Middlewares/ST/STM32_USB_Host_Library/Core/Src/usbh_ctlreq.o
                0x08008492                USBH_SetCfg
 .text.USBH_SetFeature
                0x080084d8       0x48 ./Middlewares/ST/STM32_USB_Host_Library/Core/Src/usbh_ctlreq.o
                0x080084d8                USBH_SetFeature
 .text.USBH_ClrFeature
                0x08008520       0x48 ./Middlewares/ST/STM32_USB_Host_Library/Core/Src/usbh_ctlreq.o
                0x08008520                USBH_ClrFeature
 .text.USBH_ParseDevDesc
                0x08008568      0x160 ./Middlewares/ST/STM32_USB_Host_Library/Core/Src/usbh_ctlreq.o
 .text.USBH_ParseCfgDesc
                0x080086c8      0x1f8 ./Middlewares/ST/STM32_USB_Host_Library/Core/Src/usbh_ctlreq.o
 .text.USBH_ParseInterfaceDesc
                0x080088c0       0x5e ./Middlewares/ST/STM32_USB_Host_Library/Core/Src/usbh_ctlreq.o
 .text.USBH_ParseEPDesc
                0x0800891e      0x1d0 ./Middlewares/ST/STM32_USB_Host_Library/Core/Src/usbh_ctlreq.o
 .text.USBH_ParseStringDesc
                0x08008aee       0x66 ./Middlewares/ST/STM32_USB_Host_Library/Core/Src/usbh_ctlreq.o
 .text.USBH_GetNextDesc
                0x08008b54       0x34 ./Middlewares/ST/STM32_USB_Host_Library/Core/Src/usbh_ctlreq.o
                0x08008b54                USBH_GetNextDesc
 .text.USBH_CtlReq
                0x08008b88       0x7a ./Middlewares/ST/STM32_USB_Host_Library/Core/Src/usbh_ctlreq.o
                0x08008b88                USBH_CtlReq
 *fill*         0x08008c02        0x2 
 .text.USBH_HandleControl
                0x08008c04      0x2ec ./Middlewares/ST/STM32_USB_Host_Library/Core/Src/usbh_ctlreq.o
 .text.USBH_CtlSendSetup
                0x08008ef0       0x34 ./Middlewares/ST/STM32_USB_Host_Library/Core/Src/usbh_ioreq.o
                0x08008ef0                USBH_CtlSendSetup
 .text.USBH_CtlSendData
                0x08008f24       0x4a ./Middlewares/ST/STM32_USB_Host_Library/Core/Src/usbh_ioreq.o
                0x08008f24                USBH_CtlSendData
 .text.USBH_CtlReceiveData
                0x08008f6e       0x3c ./Middlewares/ST/STM32_USB_Host_Library/Core/Src/usbh_ioreq.o
                0x08008f6e                USBH_CtlReceiveData
 .text.USBH_BulkSendData
                0x08008faa       0x4a ./Middlewares/ST/STM32_USB_Host_Library/Core/Src/usbh_ioreq.o
                0x08008faa                USBH_BulkSendData
 .text.USBH_BulkReceiveData
                0x08008ff4       0x3c ./Middlewares/ST/STM32_USB_Host_Library/Core/Src/usbh_ioreq.o
                0x08008ff4                USBH_BulkReceiveData
 .text.USBH_OpenPipe
                0x08009030       0x3e ./Middlewares/ST/STM32_USB_Host_Library/Core/Src/usbh_pipes.o
                0x08009030                USBH_OpenPipe
 .text.USBH_ClosePipe
                0x0800906e       0x20 ./Middlewares/ST/STM32_USB_Host_Library/Core/Src/usbh_pipes.o
                0x0800906e                USBH_ClosePipe
 .text.USBH_AllocPipe
                0x0800908e       0x42 ./Middlewares/ST/STM32_USB_Host_Library/Core/Src/usbh_pipes.o
                0x0800908e                USBH_AllocPipe
 .text.USBH_FreePipe
                0x080090d0       0x3c ./Middlewares/ST/STM32_USB_Host_Library/Core/Src/usbh_pipes.o
                0x080090d0                USBH_FreePipe
 .text.USBH_GetFreePipe
                0x0800910c       0x48 ./Middlewares/ST/STM32_USB_Host_Library/Core/Src/usbh_pipes.o
 .text.MX_USB_HOST_Init
                0x08009154       0x4c ./USB_HOST/App/usb_host.o
                0x08009154                MX_USB_HOST_Init
 .text.MX_USB_HOST_Process
                0x080091a0       0x14 ./USB_HOST/App/usb_host.o
                0x080091a0                MX_USB_HOST_Process
 .text.USBH_UserProcess
                0x080091b4       0x5c ./USB_HOST/App/usb_host.o
 .text.HAL_HCD_MspInit
                0x08009210       0xc4 ./USB_HOST/Target/usbh_conf.o
                0x08009210                HAL_HCD_MspInit
 .text.HAL_HCD_SOF_Callback
                0x080092d4       0x1c ./USB_HOST/Target/usbh_conf.o
                0x080092d4                HAL_HCD_SOF_Callback
 .text.HAL_HCD_Connect_Callback
                0x080092f0       0x1c ./USB_HOST/Target/usbh_conf.o
                0x080092f0                HAL_HCD_Connect_Callback
 .text.HAL_HCD_Disconnect_Callback
                0x0800930c       0x1c ./USB_HOST/Target/usbh_conf.o
                0x0800930c                HAL_HCD_Disconnect_Callback
 .text.HAL_HCD_HC_NotifyURBChange_Callback
                0x08009328       0x1c ./USB_HOST/Target/usbh_conf.o
                0x08009328                HAL_HCD_HC_NotifyURBChange_Callback
 .text.HAL_HCD_PortEnabled_Callback
                0x08009344       0x1c ./USB_HOST/Target/usbh_conf.o
                0x08009344                HAL_HCD_PortEnabled_Callback
 .text.HAL_HCD_PortDisabled_Callback
                0x08009360       0x1c ./USB_HOST/Target/usbh_conf.o
                0x08009360                HAL_HCD_PortDisabled_Callback
 .text.USBH_LL_Init
                0x0800937c       0x78 ./USB_HOST/Target/usbh_conf.o
                0x0800937c                USBH_LL_Init
 .text.USBH_LL_Start
                0x080093f4       0x36 ./USB_HOST/Target/usbh_conf.o
                0x080093f4                USBH_LL_Start
 .text.USBH_LL_Stop
                0x0800942a       0x36 ./USB_HOST/Target/usbh_conf.o
                0x0800942a                USBH_LL_Stop
 .text.USBH_LL_GetSpeed
                0x08009460       0x4e ./USB_HOST/Target/usbh_conf.o
                0x08009460                USBH_LL_GetSpeed
 .text.USBH_LL_ResetPort
                0x080094ae       0x36 ./USB_HOST/Target/usbh_conf.o
                0x080094ae                USBH_LL_ResetPort
 .text.USBH_LL_GetLastXferSize
                0x080094e4       0x26 ./USB_HOST/Target/usbh_conf.o
                0x080094e4                USBH_LL_GetLastXferSize
 .text.USBH_LL_OpenPipe
                0x0800950a       0x5e ./USB_HOST/Target/usbh_conf.o
                0x0800950a                USBH_LL_OpenPipe
 .text.USBH_LL_ClosePipe
                0x08009568       0x1a ./USB_HOST/Target/usbh_conf.o
                0x08009568                USBH_LL_ClosePipe
 .text.USBH_LL_SubmitURB
                0x08009582       0x62 ./USB_HOST/Target/usbh_conf.o
                0x08009582                USBH_LL_SubmitURB
 .text.USBH_LL_GetURBState
                0x080095e4       0x26 ./USB_HOST/Target/usbh_conf.o
                0x080095e4                USBH_LL_GetURBState
 .text.USBH_LL_DriverVBUS
                0x0800960a       0x2e ./USB_HOST/Target/usbh_conf.o
                0x0800960a                USBH_LL_DriverVBUS
 .text.USBH_LL_SetToggle
                0x08009638       0x66 ./USB_HOST/Target/usbh_conf.o
                0x08009638                USBH_LL_SetToggle
 .text.USBH_Delay
                0x0800969e       0x16 ./USB_HOST/Target/usbh_conf.o
                0x0800969e                USBH_Delay
 .text.USBH_Get_USB_Status
                0x080096b4       0x58 ./USB_HOST/Target/usbh_conf.o
                0x080096b4                USBH_Get_USB_Status
 .text.MX_DriverVbusFS
                0x0800970c       0x38 ./USB_HOST/Target/usbh_platform.o
                0x0800970c                MX_DriverVbusFS
 .text.malloc   0x08009744       0x10 C:/ST/STM32CubeIDE_1.19.0/STM32CubeIDE/plugins/com.st.stm32cube.ide.mcu.externaltools.gnu-tools-for-stm32.13.3.rel1.win32_1.0.0.202411081344/tools/bin/../lib/gcc/arm-none-eabi/13.3.1/../../../../arm-none-eabi/lib/thumb/v7e-m+fp/hard\libc_nano.a(libc_a-malloc.o)
                0x08009744                malloc
 .text.free     0x08009754       0x10 C:/ST/STM32CubeIDE_1.19.0/STM32CubeIDE/plugins/com.st.stm32cube.ide.mcu.externaltools.gnu-tools-for-stm32.13.3.rel1.win32_1.0.0.202411081344/tools/bin/../lib/gcc/arm-none-eabi/13.3.1/../../../../arm-none-eabi/lib/thumb/v7e-m+fp/hard\libc_nano.a(libc_a-malloc.o)
                0x08009754                free
 .text.sbrk_aligned
                0x08009764       0x44 C:/ST/STM32CubeIDE_1.19.0/STM32CubeIDE/plugins/com.st.stm32cube.ide.mcu.externaltools.gnu-tools-for-stm32.13.3.rel1.win32_1.0.0.202411081344/tools/bin/../lib/gcc/arm-none-eabi/13.3.1/../../../../arm-none-eabi/lib/thumb/v7e-m+fp/hard\libc_nano.a(libc_a-mallocr.o)
 .text._malloc_r
                0x080097a8      0x100 C:/ST/STM32CubeIDE_1.19.0/STM32CubeIDE/plugins/com.st.stm32cube.ide.mcu.externaltools.gnu-tools-for-stm32.13.3.rel1.win32_1.0.0.202411081344/tools/bin/../lib/gcc/arm-none-eabi/13.3.1/../../../../arm-none-eabi/lib/thumb/v7e-m+fp/hard\libc_nano.a(libc_a-mallocr.o)
                0x080097a8                _malloc_r
 .text.__malloc_lock
                0x080098a8        0xc C:/ST/STM32CubeIDE_1.19.0/STM32CubeIDE/plugins/com.st.stm32cube.ide.mcu.externaltools.gnu-tools-for-stm32.13.3.rel1.win32_1.0.0.202411081344/tools/bin/../lib/gcc/arm-none-eabi/13.3.1/../../../../arm-none-eabi/lib/thumb/v7e-m+fp/hard\libc_nano.a(libc_a-mlock.o)
                0x080098a8                __malloc_lock
 .text.__malloc_unlock
                0x080098b4        0xc C:/ST/STM32CubeIDE_1.19.0/STM32CubeIDE/plugins/com.st.stm32cube.ide.mcu.externaltools.gnu-tools-for-stm32.13.3.rel1.win32_1.0.0.202411081344/tools/bin/../lib/gcc/arm-none-eabi/13.3.1/../../../../arm-none-eabi/lib/thumb/v7e-m+fp/hard\libc_nano.a(libc_a-mlock.o)
                0x080098b4                __malloc_unlock
 .text.memset   0x080098c0       0x10 C:/ST/STM32CubeIDE_1.19.0/STM32CubeIDE/plugins/com.st.stm32cube.ide.mcu.externaltools.gnu-tools-for-stm32.13.3.rel1.win32_1.0.0.202411081344/tools/bin/../lib/gcc/arm-none-eabi/13.3.1/../../../../arm-none-eabi/lib/thumb/v7e-m+fp/hard\libc_nano.a(libc_a-memset.o)
                0x080098c0                memset
 .text._sbrk_r  0x080098d0       0x20 C:/ST/STM32CubeIDE_1.19.0/STM32CubeIDE/plugins/com.st.stm32cube.ide.mcu.externaltools.gnu-tools-for-stm32.13.3.rel1.win32_1.0.0.202411081344/tools/bin/../lib/gcc/arm-none-eabi/13.3.1/../../../../arm-none-eabi/lib/thumb/v7e-m+fp/hard\libc_nano.a(libc_a-sbrkr.o)
                0x080098d0                _sbrk_r
 .text.__errno  0x080098f0        0xc C:/ST/STM32CubeIDE_1.19.0/STM32CubeIDE/plugins/com.st.stm32cube.ide.mcu.externaltools.gnu-tools-for-stm32.13.3.rel1.win32_1.0.0.202411081344/tools/bin/../lib/gcc/arm-none-eabi/13.3.1/../../../../arm-none-eabi/lib/thumb/v7e-m+fp/hard\libc_nano.a(libc_a-errno.o)
                0x080098f0                __errno
 .text.__libc_init_array
                0x080098fc       0x48 C:/ST/STM32CubeIDE_1.19.0/STM32CubeIDE/plugins/com.st.stm32cube.ide.mcu.externaltools.gnu-tools-for-stm32.13.3.rel1.win32_1.0.0.202411081344/tools/bin/../lib/gcc/arm-none-eabi/13.3.1/../../../../arm-none-eabi/lib/thumb/v7e-m+fp/hard\libc_nano.a(libc_a-init.o)
                0x080098fc                __libc_init_array
 .text.__retarget_lock_acquire_recursive
                0x08009944        0x2 C:/ST/STM32CubeIDE_1.19.0/STM32CubeIDE/plugins/com.st.stm32cube.ide.mcu.externaltools.gnu-tools-for-stm32.13.3.rel1.win32_1.0.0.202411081344/tools/bin/../lib/gcc/arm-none-eabi/13.3.1/../../../../arm-none-eabi/lib/thumb/v7e-m+fp/hard\libc_nano.a(libc_a-lock.o)
                0x08009944                __retarget_lock_acquire_recursive
 .text.__retarget_lock_release_recursive
                0x08009946        0x2 C:/ST/STM32CubeIDE_1.19.0/STM32CubeIDE/plugins/com.st.stm32cube.ide.mcu.externaltools.gnu-tools-for-stm32.13.3.rel1.win32_1.0.0.202411081344/tools/bin/../lib/gcc/arm-none-eabi/13.3.1/../../../../arm-none-eabi/lib/thumb/v7e-m+fp/hard\libc_nano.a(libc_a-lock.o)
                0x08009946                __retarget_lock_release_recursive
 .text._free_r  0x08009948       0x94 C:/ST/STM32CubeIDE_1.19.0/STM32CubeIDE/plugins/com.st.stm32cube.ide.mcu.externaltools.gnu-tools-for-stm32.13.3.rel1.win32_1.0.0.202411081344/tools/bin/../lib/gcc/arm-none-eabi/13.3.1/../../../../arm-none-eabi/lib/thumb/v7e-m+fp/hard\libc_nano.a(libc_a-freer.o)
                0x08009948                _free_r
 *(.glue_7)
 .glue_7        0x080099dc        0x0 linker stubs
 *(.glue_7t)
 .glue_7t       0x080099dc        0x0 linker stubs
 *(.eh_frame)
 .eh_frame      0x080099dc        0x0 C:/ST/STM32CubeIDE_1.19.0/STM32CubeIDE/plugins/com.st.stm32cube.ide.mcu.externaltools.gnu-tools-for-stm32.13.3.rel1.win32_1.0.0.202411081344/tools/bin/../lib/gcc/arm-none-eabi/13.3.1/thumb/v7e-m+fp/hard/crtbegin.o
 *(.init)
 .init          0x080099dc        0x4 C:/ST/STM32CubeIDE_1.19.0/STM32CubeIDE/plugins/com.st.stm32cube.ide.mcu.externaltools.gnu-tools-for-stm32.13.3.rel1.win32_1.0.0.202411081344/tools/bin/../lib/gcc/arm-none-eabi/13.3.1/thumb/v7e-m+fp/hard/crti.o
                0x080099dc                _init
 .init          0x080099e0        0x8 C:/ST/STM32CubeIDE_1.19.0/STM32CubeIDE/plugins/com.st.stm32cube.ide.mcu.externaltools.gnu-tools-for-stm32.13.3.rel1.win32_1.0.0.202411081344/tools/bin/../lib/gcc/arm-none-eabi/13.3.1/thumb/v7e-m+fp/hard/crtn.o
 *(.fini)
 .fini          0x080099e8        0x4 C:/ST/STM32CubeIDE_1.19.0/STM32CubeIDE/plugins/com.st.stm32cube.ide.mcu.externaltools.gnu-tools-for-stm32.13.3.rel1.win32_1.0.0.202411081344/tools/bin/../lib/gcc/arm-none-eabi/13.3.1/thumb/v7e-m+fp/hard/crti.o
                0x080099e8                _fini
 .fini          0x080099ec        0x8 C:/ST/STM32CubeIDE_1.19.0/STM32CubeIDE/plugins/com.st.stm32cube.ide.mcu.externaltools.gnu-tools-for-stm32.13.3.rel1.win32_1.0.0.202411081344/tools/bin/../lib/gcc/arm-none-eabi/13.3.1/thumb/v7e-m+fp/hard/crtn.o
                0x080099f4                        . = ALIGN (0x4)
                0x080099f4                        _etext = .

.vfp11_veneer   0x080099f4        0x0
 .vfp11_veneer  0x080099f4        0x0 linker stubs

.v4_bx          0x080099f4        0x0
 .v4_bx         0x080099f4        0x0 linker stubs

.iplt           0x080099f4        0x0
 .iplt          0x080099f4        0x0 C:/ST/STM32CubeIDE_1.19.0/STM32CubeIDE/plugins/com.st.stm32cube.ide.mcu.externaltools.gnu-tools-for-stm32.13.3.rel1.win32_1.0.0.202411081344/tools/bin/../lib/gcc/arm-none-eabi/13.3.1/thumb/v7e-m+fp/hard/crtbegin.o

.rodata         0x080099f4       0xfc
                0x080099f4                        . = ALIGN (0x4)
 *(.rodata)
 .rodata        0x080099f4        0x4 ./Middlewares/ST/STM32_USB_Host_Library/Class/CDC/Src/usbh_cdc.o
 *(.rodata*)
 .rodata.base64_enc_map
                0x080099f8       0x40 ./Core/Src/BASE64/BASE64_VAR.o
                0x080099f8                base64_enc_map
 .rodata.CAN_Msg_List
                0x08009a38       0xa0 ./Core/Src/CAN_Lib/CAN_Lib.o
                0x08009a38                CAN_Msg_List
 .rodata.AHBPrescTable
                0x08009ad8       0x10 ./Core/Src/system_stm32f4xx.o
                0x08009ad8                AHBPrescTable
 .rodata.APBPrescTable
                0x08009ae8        0x8 ./Core/Src/system_stm32f4xx.o
                0x08009ae8                APBPrescTable
                0x08009af0                        . = ALIGN (0x4)

.ARM.extab      0x08009af0        0x0
                0x08009af0                        . = ALIGN (0x4)
 *(.ARM.extab* .gnu.linkonce.armextab.*)
                0x08009af0                        . = ALIGN (0x4)

.ARM            0x08009af0        0x8
                0x08009af0                        . = ALIGN (0x4)
                0x08009af0                        __exidx_start = .
 *(.ARM.exidx*)
 .ARM.exidx     0x08009af0        0x8 C:/ST/STM32CubeIDE_1.19.0/STM32CubeIDE/plugins/com.st.stm32cube.ide.mcu.externaltools.gnu-tools-for-stm32.13.3.rel1.win32_1.0.0.202411081344/tools/bin/../lib/gcc/arm-none-eabi/13.3.1/thumb/v7e-m+fp/hard\libgcc.a(_udivmoddi4.o)
                0x08009af8                        __exidx_end = .
                0x08009af8                        . = ALIGN (0x4)

.preinit_array  0x08009af8        0x0
                0x08009af8                        . = ALIGN (0x4)
                0x08009af8                        PROVIDE (__preinit_array_start = .)
 *(.preinit_array*)
                0x08009af8                        PROVIDE (__preinit_array_end = .)
                0x08009af8                        . = ALIGN (0x4)

.init_array     0x08009af8        0x4
                0x08009af8                        . = ALIGN (0x4)
                0x08009af8                        PROVIDE (__init_array_start = .)
 *(SORT_BY_NAME(.init_array.*))
 *(.init_array*)
 .init_array    0x08009af8        0x4 C:/ST/STM32CubeIDE_1.19.0/STM32CubeIDE/plugins/com.st.stm32cube.ide.mcu.externaltools.gnu-tools-for-stm32.13.3.rel1.win32_1.0.0.202411081344/tools/bin/../lib/gcc/arm-none-eabi/13.3.1/thumb/v7e-m+fp/hard/crtbegin.o
                0x08009afc                        PROVIDE (__init_array_end = .)
                0x08009afc                        . = ALIGN (0x4)

.fini_array     0x08009afc        0x4
                0x08009afc                        . = ALIGN (0x4)
                [!provide]                        PROVIDE (__fini_array_start = .)
 *(SORT_BY_NAME(.fini_array.*))
 *(.fini_array*)
 .fini_array    0x08009afc        0x4 C:/ST/STM32CubeIDE_1.19.0/STM32CubeIDE/plugins/com.st.stm32cube.ide.mcu.externaltools.gnu-tools-for-stm32.13.3.rel1.win32_1.0.0.202411081344/tools/bin/../lib/gcc/arm-none-eabi/13.3.1/thumb/v7e-m+fp/hard/crtbegin.o
                [!provide]                        PROVIDE (__fini_array_end = .)
                0x08009b00                        . = ALIGN (0x4)
                0x08009b00                        _sidata = LOADADDR (.data)

.rel.dyn        0x08009b00        0x0
 .rel.iplt      0x08009b00        0x0 C:/ST/STM32CubeIDE_1.19.0/STM32CubeIDE/plugins/com.st.stm32cube.ide.mcu.externaltools.gnu-tools-for-stm32.13.3.rel1.win32_1.0.0.202411081344/tools/bin/../lib/gcc/arm-none-eabi/13.3.1/thumb/v7e-m+fp/hard/crtbegin.o

.data           0x20000000       0x7c load address 0x08009b00
                0x20000000                        . = ALIGN (0x4)
                0x20000000                        _sdata = .
 *(.data)
 *(.data*)
 .data.SystemCoreClock
                0x20000000        0x4 ./Core/Src/system_stm32f4xx.o
                0x20000000                SystemCoreClock
 .data.uwTickPrio
                0x20000004        0x4 ./Drivers/STM32F4xx_HAL_Driver/Src/stm32f4xx_hal.o
                0x20000004                uwTickPrio
 .data.uwTickFreq
                0x20000008        0x1 ./Drivers/STM32F4xx_HAL_Driver/Src/stm32f4xx_hal.o
                0x20000008                uwTickFreq
 *fill*         0x20000009        0x3 
 .data.CDC_Class
                0x2000000c       0x20 ./Middlewares/ST/STM32_USB_Host_Library/Class/CDC/Src/usbh_cdc.o
                0x2000000c                CDC_Class
 .data._impure_ptr
                0x2000002c        0x4 C:/ST/STM32CubeIDE_1.19.0/STM32CubeIDE/plugins/com.st.stm32cube.ide.mcu.externaltools.gnu-tools-for-stm32.13.3.rel1.win32_1.0.0.202411081344/tools/bin/../lib/gcc/arm-none-eabi/13.3.1/../../../../arm-none-eabi/lib/thumb/v7e-m+fp/hard\libc_nano.a(libc_a-impure.o)
                0x2000002c                _impure_ptr
 .data._impure_data
                0x20000030       0x4c C:/ST/STM32CubeIDE_1.19.0/STM32CubeIDE/plugins/com.st.stm32cube.ide.mcu.externaltools.gnu-tools-for-stm32.13.3.rel1.win32_1.0.0.202411081344/tools/bin/../lib/gcc/arm-none-eabi/13.3.1/../../../../arm-none-eabi/lib/thumb/v7e-m+fp/hard\libc_nano.a(libc_a-impure.o)
                0x20000030                _impure_data
 *(.RamFunc)
 *(.RamFunc*)
                0x2000007c                        . = ALIGN (0x4)
                0x2000007c                        _edata = .
                0x08009b7c                        _siccmram = LOADADDR (.ccmram)

.igot.plt       0x2000007c        0x0 load address 0x08009b7c
 .igot.plt      0x2000007c        0x0 C:/ST/STM32CubeIDE_1.19.0/STM32CubeIDE/plugins/com.st.stm32cube.ide.mcu.externaltools.gnu-tools-for-stm32.13.3.rel1.win32_1.0.0.202411081344/tools/bin/../lib/gcc/arm-none-eabi/13.3.1/thumb/v7e-m+fp/hard/crtbegin.o

.ccmram         0x10000000        0x0 load address 0x08009b7c
                0x10000000                        . = ALIGN (0x4)
                0x10000000                        _sccmram = .
 *(.ccmram)
 *(.ccmram*)
                0x10000000                        . = ALIGN (0x4)
                0x10000000                        _eccmram = .
                0x10000000                        . = ALIGN (0x4)

.bss            0x2000007c      0xf50
                0x2000007c                        _sbss = .
                0x2000007c                        __bss_start__ = _sbss
 *(.bss)
 .bss           0x2000007c       0x1c C:/ST/STM32CubeIDE_1.19.0/STM32CubeIDE/plugins/com.st.stm32cube.ide.mcu.externaltools.gnu-tools-for-stm32.13.3.rel1.win32_1.0.0.202411081344/tools/bin/../lib/gcc/arm-none-eabi/13.3.1/thumb/v7e-m+fp/hard/crtbegin.o
 *(.bss*)
 .bss.BASE64_Ctrl
                0x20000098        0x8 ./Core/Src/BASE64/BASE64_VAR.o
                0x20000098                BASE64_Ctrl
 .bss.CAN_Ctrl  0x200000a0      0x504 ./Core/Src/CAN_Lib/CAN_Lib.o
                0x200000a0                CAN_Ctrl
 .bss.hcan1     0x200005a4       0x28 ./Core/Src/can.o
                0x200005a4                hcan1
 .bss.hi2c1     0x200005cc       0x54 ./Core/Src/i2c.o
                0x200005cc                hi2c1
 .bss.hi2s3     0x20000620       0x48 ./Core/Src/i2s.o
                0x20000620                hi2s3
 .bss.hspi1     0x20000668       0x58 ./Core/Src/spi.o
                0x20000668                hspi1
 .bss.__sbrk_heap_end
                0x200006c0        0x4 ./Core/Src/sysmem.o
 .bss.uwTick    0x200006c4        0x4 ./Drivers/STM32F4xx_HAL_Driver/Src/stm32f4xx_hal.o
                0x200006c4                uwTick
 .bss.hUsbHostFS
                0x200006c8      0x3d8 ./USB_HOST/App/usb_host.o
                0x200006c8                hUsbHostFS
 .bss.Appli_state
                0x20000aa0        0x1 ./USB_HOST/App/usb_host.o
                0x20000aa0                Appli_state
 *fill*         0x20000aa1        0x3 
 .bss.hhcd_USB_OTG_FS
                0x20000aa4      0x3e0 ./USB_HOST/Target/usbh_conf.o
                0x20000aa4                hhcd_USB_OTG_FS
 .bss.__malloc_sbrk_start
                0x20000e84        0x4 C:/ST/STM32CubeIDE_1.19.0/STM32CubeIDE/plugins/com.st.stm32cube.ide.mcu.externaltools.gnu-tools-for-stm32.13.3.rel1.win32_1.0.0.202411081344/tools/bin/../lib/gcc/arm-none-eabi/13.3.1/../../../../arm-none-eabi/lib/thumb/v7e-m+fp/hard\libc_nano.a(libc_a-mallocr.o)
                0x20000e84                __malloc_sbrk_start
 .bss.__malloc_free_list
                0x20000e88        0x4 C:/ST/STM32CubeIDE_1.19.0/STM32CubeIDE/plugins/com.st.stm32cube.ide.mcu.externaltools.gnu-tools-for-stm32.13.3.rel1.win32_1.0.0.202411081344/tools/bin/../lib/gcc/arm-none-eabi/13.3.1/../../../../arm-none-eabi/lib/thumb/v7e-m+fp/hard\libc_nano.a(libc_a-mallocr.o)
                0x20000e88                __malloc_free_list
 .bss.__sf      0x20000e8c      0x138 C:/ST/STM32CubeIDE_1.19.0/STM32CubeIDE/plugins/com.st.stm32cube.ide.mcu.externaltools.gnu-tools-for-stm32.13.3.rel1.win32_1.0.0.202411081344/tools/bin/../lib/gcc/arm-none-eabi/13.3.1/../../../../arm-none-eabi/lib/thumb/v7e-m+fp/hard\libc_nano.a(libc_a-findfp.o)
                0x20000e8c                __sf
 .bss.errno     0x20000fc4        0x4 C:/ST/STM32CubeIDE_1.19.0/STM32CubeIDE/plugins/com.st.stm32cube.ide.mcu.externaltools.gnu-tools-for-stm32.13.3.rel1.win32_1.0.0.202411081344/tools/bin/../lib/gcc/arm-none-eabi/13.3.1/../../../../arm-none-eabi/lib/thumb/v7e-m+fp/hard\libc_nano.a(libc_a-reent.o)
                0x20000fc4                errno
 .bss.__lock___malloc_recursive_mutex
                0x20000fc8        0x1 C:/ST/STM32CubeIDE_1.19.0/STM32CubeIDE/plugins/com.st.stm32cube.ide.mcu.externaltools.gnu-tools-for-stm32.13.3.rel1.win32_1.0.0.202411081344/tools/bin/../lib/gcc/arm-none-eabi/13.3.1/../../../../arm-none-eabi/lib/thumb/v7e-m+fp/hard\libc_nano.a(libc_a-lock.o)
                0x20000fc8                __lock___malloc_recursive_mutex
 *(COMMON)
                0x20000fcc                        . = ALIGN (0x4)
 *fill*         0x20000fc9        0x3 
                0x20000fcc                        _ebss = .
                0x20000fcc                        __bss_end__ = _ebss

._user_heap_stack
                0x20000fcc      0x604
                0x20000fd0                        . = ALIGN (0x8)
 *fill*         0x20000fcc        0x4 
                [!provide]                        PROVIDE (end = .)
                0x20000fd0                        PROVIDE (_end = .)
                0x200011d0                        . = (. + _Min_Heap_Size)
 *fill*         0x20000fd0      0x200 
                0x200015d0                        . = (. + _Min_Stack_Size)
 *fill*         0x200011d0      0x400 
                0x200015d0                        . = ALIGN (0x8)

/DISCARD/
 libc.a(*)
 libm.a(*)
 libgcc.a(*)

.ARM.attributes
                0x00000000       0x30
 *(.ARM.attributes)
 .ARM.attributes
                0x00000000       0x22 C:/ST/STM32CubeIDE_1.19.0/STM32CubeIDE/plugins/com.st.stm32cube.ide.mcu.externaltools.gnu-tools-for-stm32.13.3.rel1.win32_1.0.0.202411081344/tools/bin/../lib/gcc/arm-none-eabi/13.3.1/thumb/v7e-m+fp/hard/crti.o
 .ARM.attributes
                0x00000022       0x34 C:/ST/STM32CubeIDE_1.19.0/STM32CubeIDE/plugins/com.st.stm32cube.ide.mcu.externaltools.gnu-tools-for-stm32.13.3.rel1.win32_1.0.0.202411081344/tools/bin/../lib/gcc/arm-none-eabi/13.3.1/thumb/v7e-m+fp/hard/crtbegin.o
 .ARM.attributes
                0x00000056       0x34 ./Core/Src/BASE64/BASE64_FUN.o
 .ARM.attributes
                0x0000008a       0x34 ./Core/Src/BASE64/BASE64_VAR.o
 .ARM.attributes
                0x000000be       0x34 ./Core/Src/CAN_Lib/CAN_Lib.o
 .ARM.attributes
                0x000000f2       0x34 ./Core/Src/can.o
 .ARM.attributes
                0x00000126       0x34 ./Core/Src/gpio.o
 .ARM.attributes
                0x0000015a       0x34 ./Core/Src/i2c.o
 .ARM.attributes
                0x0000018e       0x34 ./Core/Src/i2s.o
 .ARM.attributes
                0x000001c2       0x34 ./Core/Src/main.o
 .ARM.attributes
                0x000001f6       0x34 ./Core/Src/spi.o
 .ARM.attributes
                0x0000022a       0x34 ./Core/Src/stm32f4xx_hal_msp.o
 .ARM.attributes
                0x0000025e       0x34 ./Core/Src/stm32f4xx_it.o
 .ARM.attributes
                0x00000292       0x34 ./Core/Src/sysmem.o
 .ARM.attributes
                0x000002c6       0x34 ./Core/Src/system_stm32f4xx.o
 .ARM.attributes
                0x000002fa       0x21 ./Core/Startup/startup_stm32f407vgtx.o
 .ARM.attributes
                0x0000031b       0x34 ./Drivers/STM32F4xx_HAL_Driver/Src/stm32f4xx_hal.o
 .ARM.attributes
                0x0000034f       0x34 ./Drivers/STM32F4xx_HAL_Driver/Src/stm32f4xx_hal_can.o
 .ARM.attributes
                0x00000383       0x34 ./Drivers/STM32F4xx_HAL_Driver/Src/stm32f4xx_hal_cortex.o
 .ARM.attributes
                0x000003b7       0x34 ./Drivers/STM32F4xx_HAL_Driver/Src/stm32f4xx_hal_gpio.o
 .ARM.attributes
                0x000003eb       0x34 ./Drivers/STM32F4xx_HAL_Driver/Src/stm32f4xx_hal_hcd.o
 .ARM.attributes
                0x0000041f       0x34 ./Drivers/STM32F4xx_HAL_Driver/Src/stm32f4xx_hal_i2c.o
 .ARM.attributes
                0x00000453       0x34 ./Drivers/STM32F4xx_HAL_Driver/Src/stm32f4xx_hal_i2s.o
 .ARM.attributes
                0x00000487       0x34 ./Drivers/STM32F4xx_HAL_Driver/Src/stm32f4xx_hal_i2s_ex.o
 .ARM.attributes
                0x000004bb       0x34 ./Drivers/STM32F4xx_HAL_Driver/Src/stm32f4xx_hal_rcc.o
 .ARM.attributes
                0x000004ef       0x34 ./Drivers/STM32F4xx_HAL_Driver/Src/stm32f4xx_hal_rcc_ex.o
 .ARM.attributes
                0x00000523       0x34 ./Drivers/STM32F4xx_HAL_Driver/Src/stm32f4xx_hal_spi.o
 .ARM.attributes
                0x00000557       0x34 ./Drivers/STM32F4xx_HAL_Driver/Src/stm32f4xx_ll_usb.o
 .ARM.attributes
                0x0000058b       0x34 ./Middlewares/ST/STM32_USB_Host_Library/Class/CDC/Src/usbh_cdc.o
 .ARM.attributes
                0x000005bf       0x34 ./Middlewares/ST/STM32_USB_Host_Library/Core/Src/usbh_core.o
 .ARM.attributes
                0x000005f3       0x34 ./Middlewares/ST/STM32_USB_Host_Library/Core/Src/usbh_ctlreq.o
 .ARM.attributes
                0x00000627       0x34 ./Middlewares/ST/STM32_USB_Host_Library/Core/Src/usbh_ioreq.o
 .ARM.attributes
                0x0000065b       0x34 ./Middlewares/ST/STM32_USB_Host_Library/Core/Src/usbh_pipes.o
 .ARM.attributes
                0x0000068f       0x34 ./USB_HOST/App/usb_host.o
 .ARM.attributes
                0x000006c3       0x34 ./USB_HOST/Target/usbh_conf.o
 .ARM.attributes
                0x000006f7       0x34 ./USB_HOST/Target/usbh_platform.o
 .ARM.attributes
                0x0000072b       0x34 C:/ST/STM32CubeIDE_1.19.0/STM32CubeIDE/plugins/com.st.stm32cube.ide.mcu.externaltools.gnu-tools-for-stm32.13.3.rel1.win32_1.0.0.202411081344/tools/bin/../lib/gcc/arm-none-eabi/13.3.1/../../../../arm-none-eabi/lib/thumb/v7e-m+fp/hard\libc_nano.a(libc_a-malloc.o)
 .ARM.attributes
                0x0000075f       0x34 C:/ST/STM32CubeIDE_1.19.0/STM32CubeIDE/plugins/com.st.stm32cube.ide.mcu.externaltools.gnu-tools-for-stm32.13.3.rel1.win32_1.0.0.202411081344/tools/bin/../lib/gcc/arm-none-eabi/13.3.1/../../../../arm-none-eabi/lib/thumb/v7e-m+fp/hard\libc_nano.a(libc_a-mallocr.o)
 .ARM.attributes
                0x00000793       0x34 C:/ST/STM32CubeIDE_1.19.0/STM32CubeIDE/plugins/com.st.stm32cube.ide.mcu.externaltools.gnu-tools-for-stm32.13.3.rel1.win32_1.0.0.202411081344/tools/bin/../lib/gcc/arm-none-eabi/13.3.1/../../../../arm-none-eabi/lib/thumb/v7e-m+fp/hard\libc_nano.a(libc_a-mlock.o)
 .ARM.attributes
                0x000007c7       0x34 C:/ST/STM32CubeIDE_1.19.0/STM32CubeIDE/plugins/com.st.stm32cube.ide.mcu.externaltools.gnu-tools-for-stm32.13.3.rel1.win32_1.0.0.202411081344/tools/bin/../lib/gcc/arm-none-eabi/13.3.1/../../../../arm-none-eabi/lib/thumb/v7e-m+fp/hard\libc_nano.a(libc_a-findfp.o)
 .ARM.attributes
                0x000007fb       0x34 C:/ST/STM32CubeIDE_1.19.0/STM32CubeIDE/plugins/com.st.stm32cube.ide.mcu.externaltools.gnu-tools-for-stm32.13.3.rel1.win32_1.0.0.202411081344/tools/bin/../lib/gcc/arm-none-eabi/13.3.1/../../../../arm-none-eabi/lib/thumb/v7e-m+fp/hard\libc_nano.a(libc_a-memset.o)
 .ARM.attributes
                0x0000082f       0x34 C:/ST/STM32CubeIDE_1.19.0/STM32CubeIDE/plugins/com.st.stm32cube.ide.mcu.externaltools.gnu-tools-for-stm32.13.3.rel1.win32_1.0.0.202411081344/tools/bin/../lib/gcc/arm-none-eabi/13.3.1/../../../../arm-none-eabi/lib/thumb/v7e-m+fp/hard\libc_nano.a(libc_a-reent.o)
 .ARM.attributes
                0x00000863       0x34 C:/ST/STM32CubeIDE_1.19.0/STM32CubeIDE/plugins/com.st.stm32cube.ide.mcu.externaltools.gnu-tools-for-stm32.13.3.rel1.win32_1.0.0.202411081344/tools/bin/../lib/gcc/arm-none-eabi/13.3.1/../../../../arm-none-eabi/lib/thumb/v7e-m+fp/hard\libc_nano.a(libc_a-impure.o)
 .ARM.attributes
                0x00000897       0x34 C:/ST/STM32CubeIDE_1.19.0/STM32CubeIDE/plugins/com.st.stm32cube.ide.mcu.externaltools.gnu-tools-for-stm32.13.3.rel1.win32_1.0.0.202411081344/tools/bin/../lib/gcc/arm-none-eabi/13.3.1/../../../../arm-none-eabi/lib/thumb/v7e-m+fp/hard\libc_nano.a(libc_a-sbrkr.o)
 .ARM.attributes
                0x000008cb       0x34 C:/ST/STM32CubeIDE_1.19.0/STM32CubeIDE/plugins/com.st.stm32cube.ide.mcu.externaltools.gnu-tools-for-stm32.13.3.rel1.win32_1.0.0.202411081344/tools/bin/../lib/gcc/arm-none-eabi/13.3.1/../../../../arm-none-eabi/lib/thumb/v7e-m+fp/hard\libc_nano.a(libc_a-errno.o)
 .ARM.attributes
                0x000008ff       0x34 C:/ST/STM32CubeIDE_1.19.0/STM32CubeIDE/plugins/com.st.stm32cube.ide.mcu.externaltools.gnu-tools-for-stm32.13.3.rel1.win32_1.0.0.202411081344/tools/bin/../lib/gcc/arm-none-eabi/13.3.1/../../../../arm-none-eabi/lib/thumb/v7e-m+fp/hard\libc_nano.a(libc_a-init.o)
 .ARM.attributes
                0x00000933       0x34 C:/ST/STM32CubeIDE_1.19.0/STM32CubeIDE/plugins/com.st.stm32cube.ide.mcu.externaltools.gnu-tools-for-stm32.13.3.rel1.win32_1.0.0.202411081344/tools/bin/../lib/gcc/arm-none-eabi/13.3.1/../../../../arm-none-eabi/lib/thumb/v7e-m+fp/hard\libc_nano.a(libc_a-lock.o)
 .ARM.attributes
                0x00000967       0x34 C:/ST/STM32CubeIDE_1.19.0/STM32CubeIDE/plugins/com.st.stm32cube.ide.mcu.externaltools.gnu-tools-for-stm32.13.3.rel1.win32_1.0.0.202411081344/tools/bin/../lib/gcc/arm-none-eabi/13.3.1/../../../../arm-none-eabi/lib/thumb/v7e-m+fp/hard\libc_nano.a(libc_a-freer.o)
 .ARM.attributes
                0x0000099b       0x22 C:/ST/STM32CubeIDE_1.19.0/STM32CubeIDE/plugins/com.st.stm32cube.ide.mcu.externaltools.gnu-tools-for-stm32.13.3.rel1.win32_1.0.0.202411081344/tools/bin/../lib/gcc/arm-none-eabi/13.3.1/thumb/v7e-m+fp/hard\libgcc.a(_aeabi_uldivmod.o)
 .ARM.attributes
                0x000009bd       0x34 C:/ST/STM32CubeIDE_1.19.0/STM32CubeIDE/plugins/com.st.stm32cube.ide.mcu.externaltools.gnu-tools-for-stm32.13.3.rel1.win32_1.0.0.202411081344/tools/bin/../lib/gcc/arm-none-eabi/13.3.1/thumb/v7e-m+fp/hard\libgcc.a(_udivmoddi4.o)
 .ARM.attributes
                0x000009f1       0x22 C:/ST/STM32CubeIDE_1.19.0/STM32CubeIDE/plugins/com.st.stm32cube.ide.mcu.externaltools.gnu-tools-for-stm32.13.3.rel1.win32_1.0.0.202411081344/tools/bin/../lib/gcc/arm-none-eabi/13.3.1/thumb/v7e-m+fp/hard\libgcc.a(_dvmd_tls.o)
 .ARM.attributes
                0x00000a13       0x22 C:/ST/STM32CubeIDE_1.19.0/STM32CubeIDE/plugins/com.st.stm32cube.ide.mcu.externaltools.gnu-tools-for-stm32.13.3.rel1.win32_1.0.0.202411081344/tools/bin/../lib/gcc/arm-none-eabi/13.3.1/thumb/v7e-m+fp/hard/crtn.o
OUTPUT(Discovery_F407.elf elf32-littlearm)
LOAD linker stubs
LOAD C:/ST/STM32CubeIDE_1.19.0/STM32CubeIDE/plugins/com.st.stm32cube.ide.mcu.externaltools.gnu-tools-for-stm32.13.3.rel1.win32_1.0.0.202411081344/tools/bin/../lib/gcc/arm-none-eabi/13.3.1/../../../../arm-none-eabi/lib/thumb/v7e-m+fp/hard\libc.a
LOAD C:/ST/STM32CubeIDE_1.19.0/STM32CubeIDE/plugins/com.st.stm32cube.ide.mcu.externaltools.gnu-tools-for-stm32.13.3.rel1.win32_1.0.0.202411081344/tools/bin/../lib/gcc/arm-none-eabi/13.3.1/../../../../arm-none-eabi/lib/thumb/v7e-m+fp/hard\libm.a
LOAD C:/ST/STM32CubeIDE_1.19.0/STM32CubeIDE/plugins/com.st.stm32cube.ide.mcu.externaltools.gnu-tools-for-stm32.13.3.rel1.win32_1.0.0.202411081344/tools/bin/../lib/gcc/arm-none-eabi/13.3.1/thumb/v7e-m+fp/hard\libgcc.a

.debug_info     0x00000000    0x185db
 .debug_info    0x00000000      0x273 ./Core/Src/BASE64/BASE64_FUN.o
 .debug_info    0x00000273      0x1bd ./Core/Src/BASE64/BASE64_VAR.o
 .debug_info    0x00000430      0xaad ./Core/Src/CAN_Lib/CAN_Lib.o
 .debug_info    0x00000edd      0xac2 ./Core/Src/can.o
 .debug_info    0x0000199f      0x460 ./Core/Src/gpio.o
 .debug_info    0x00001dff      0x96f ./Core/Src/i2c.o
 .debug_info    0x0000276e      0xa2d ./Core/Src/i2s.o
 .debug_info    0x0000319b      0xc18 ./Core/Src/main.o
 .debug_info    0x00003db3      0x954 ./Core/Src/spi.o
 .debug_info    0x00004707      0x283 ./Core/Src/stm32f4xx_hal_msp.o
 .debug_info    0x0000498a      0xa93 ./Core/Src/stm32f4xx_it.o
 .debug_info    0x0000541d      0x168 ./Core/Src/sysmem.o
 .debug_info    0x00005585      0x512 ./Core/Src/system_stm32f4xx.o
 .debug_info    0x00005a97       0x30 ./Core/Startup/startup_stm32f407vgtx.o
 .debug_info    0x00005ac7      0x944 ./Drivers/STM32F4xx_HAL_Driver/Src/stm32f4xx_hal.o
 .debug_info    0x0000640b      0xf49 ./Drivers/STM32F4xx_HAL_Driver/Src/stm32f4xx_hal_can.o
 .debug_info    0x00007354      0xd8c ./Drivers/STM32F4xx_HAL_Driver/Src/stm32f4xx_hal_cortex.o
 .debug_info    0x000080e0      0x6c3 ./Drivers/STM32F4xx_HAL_Driver/Src/stm32f4xx_hal_gpio.o
 .debug_info    0x000087a3     0x114c ./Drivers/STM32F4xx_HAL_Driver/Src/stm32f4xx_hal_hcd.o
 .debug_info    0x000098ef     0x2415 ./Drivers/STM32F4xx_HAL_Driver/Src/stm32f4xx_hal_i2c.o
 .debug_info    0x0000bd04      0xe02 ./Drivers/STM32F4xx_HAL_Driver/Src/stm32f4xx_hal_i2s.o
 .debug_info    0x0000cb06      0xaae ./Drivers/STM32F4xx_HAL_Driver/Src/stm32f4xx_hal_i2s_ex.o
 .debug_info    0x0000d5b4      0x8c3 ./Drivers/STM32F4xx_HAL_Driver/Src/stm32f4xx_hal_rcc.o
 .debug_info    0x0000de77      0x536 ./Drivers/STM32F4xx_HAL_Driver/Src/stm32f4xx_hal_rcc_ex.o
 .debug_info    0x0000e3ad     0x1525 ./Drivers/STM32F4xx_HAL_Driver/Src/stm32f4xx_hal_spi.o
 .debug_info    0x0000f8d2     0x1993 ./Drivers/STM32F4xx_HAL_Driver/Src/stm32f4xx_ll_usb.o
 .debug_info    0x00011265     0x1479 ./Middlewares/ST/STM32_USB_Host_Library/Class/CDC/Src/usbh_cdc.o
 .debug_info    0x000126de      0xfb5 ./Middlewares/ST/STM32_USB_Host_Library/Core/Src/usbh_core.o
 .debug_info    0x00013693      0xfaf ./Middlewares/ST/STM32_USB_Host_Library/Core/Src/usbh_ctlreq.o
 .debug_info    0x00014642      0xc2e ./Middlewares/ST/STM32_USB_Host_Library/Core/Src/usbh_ioreq.o
 .debug_info    0x00015270      0xa91 ./Middlewares/ST/STM32_USB_Host_Library/Core/Src/usbh_pipes.o
 .debug_info    0x00015d01      0xa13 ./USB_HOST/App/usb_host.o
 .debug_info    0x00016714     0x1cef ./USB_HOST/Target/usbh_conf.o
 .debug_info    0x00018403      0x1d8 ./USB_HOST/Target/usbh_platform.o

.debug_abbrev   0x00000000     0x4730
 .debug_abbrev  0x00000000       0xf7 ./Core/Src/BASE64/BASE64_FUN.o
 .debug_abbrev  0x000000f7       0xa7 ./Core/Src/BASE64/BASE64_VAR.o
 .debug_abbrev  0x0000019e      0x28f ./Core/Src/CAN_Lib/CAN_Lib.o
 .debug_abbrev  0x0000042d      0x21f ./Core/Src/can.o
 .debug_abbrev  0x0000064c      0x152 ./Core/Src/gpio.o
 .debug_abbrev  0x0000079e      0x1f1 ./Core/Src/i2c.o
 .debug_abbrev  0x0000098f      0x1ef ./Core/Src/i2s.o
 .debug_abbrev  0x00000b7e      0x29a ./Core/Src/main.o
 .debug_abbrev  0x00000e18      0x1fa ./Core/Src/spi.o
 .debug_abbrev  0x00001012       0xf4 ./Core/Src/stm32f4xx_hal_msp.o
 .debug_abbrev  0x00001106      0x1ba ./Core/Src/stm32f4xx_it.o
 .debug_abbrev  0x000012c0       0xbc ./Core/Src/sysmem.o
 .debug_abbrev  0x0000137c      0x11a ./Core/Src/system_stm32f4xx.o
 .debug_abbrev  0x00001496       0x24 ./Core/Startup/startup_stm32f407vgtx.o
 .debug_abbrev  0x000014ba      0x214 ./Drivers/STM32F4xx_HAL_Driver/Src/stm32f4xx_hal.o
 .debug_abbrev  0x000016ce      0x258 ./Drivers/STM32F4xx_HAL_Driver/Src/stm32f4xx_hal_can.o
 .debug_abbrev  0x00001926      0x31d ./Drivers/STM32F4xx_HAL_Driver/Src/stm32f4xx_hal_cortex.o
 .debug_abbrev  0x00001c43      0x1d4 ./Drivers/STM32F4xx_HAL_Driver/Src/stm32f4xx_hal_gpio.o
 .debug_abbrev  0x00001e17      0x296 ./Drivers/STM32F4xx_HAL_Driver/Src/stm32f4xx_hal_hcd.o
 .debug_abbrev  0x000020ad      0x2ad ./Drivers/STM32F4xx_HAL_Driver/Src/stm32f4xx_hal_i2c.o
 .debug_abbrev  0x0000235a      0x25d ./Drivers/STM32F4xx_HAL_Driver/Src/stm32f4xx_hal_i2s.o
 .debug_abbrev  0x000025b7      0x276 ./Drivers/STM32F4xx_HAL_Driver/Src/stm32f4xx_hal_i2s_ex.o
 .debug_abbrev  0x0000282d      0x2b7 ./Drivers/STM32F4xx_HAL_Driver/Src/stm32f4xx_hal_rcc.o
 .debug_abbrev  0x00002ae4      0x1b0 ./Drivers/STM32F4xx_HAL_Driver/Src/stm32f4xx_hal_rcc_ex.o
 .debug_abbrev  0x00002c94      0x27a ./Drivers/STM32F4xx_HAL_Driver/Src/stm32f4xx_hal_spi.o
 .debug_abbrev  0x00002f0e      0x2b3 ./Drivers/STM32F4xx_HAL_Driver/Src/stm32f4xx_ll_usb.o
 .debug_abbrev  0x000031c1      0x33c ./Middlewares/ST/STM32_USB_Host_Library/Class/CDC/Src/usbh_cdc.o
 .debug_abbrev  0x000034fd      0x32a ./Middlewares/ST/STM32_USB_Host_Library/Core/Src/usbh_core.o
 .debug_abbrev  0x00003827      0x2ff ./Middlewares/ST/STM32_USB_Host_Library/Core/Src/usbh_ctlreq.o
 .debug_abbrev  0x00003b26      0x245 ./Middlewares/ST/STM32_USB_Host_Library/Core/Src/usbh_ioreq.o
 .debug_abbrev  0x00003d6b      0x281 ./Middlewares/ST/STM32_USB_Host_Library/Core/Src/usbh_pipes.o
 .debug_abbrev  0x00003fec      0x26e ./USB_HOST/App/usb_host.o
 .debug_abbrev  0x0000425a      0x3c2 ./USB_HOST/Target/usbh_conf.o
 .debug_abbrev  0x0000461c      0x114 ./USB_HOST/Target/usbh_platform.o

.debug_aranges  0x00000000     0x13b8
 .debug_aranges
                0x00000000       0x28 ./Core/Src/BASE64/BASE64_FUN.o
 .debug_aranges
                0x00000028       0x18 ./Core/Src/BASE64/BASE64_VAR.o
 .debug_aranges
                0x00000040       0x50 ./Core/Src/CAN_Lib/CAN_Lib.o
 .debug_aranges
                0x00000090       0x30 ./Core/Src/can.o
 .debug_aranges
                0x000000c0       0x20 ./Core/Src/gpio.o
 .debug_aranges
                0x000000e0       0x30 ./Core/Src/i2c.o
 .debug_aranges
                0x00000110       0x30 ./Core/Src/i2s.o
 .debug_aranges
                0x00000140       0x40 ./Core/Src/main.o
 .debug_aranges
                0x00000180       0x30 ./Core/Src/spi.o
 .debug_aranges
                0x000001b0       0x20 ./Core/Src/stm32f4xx_hal_msp.o
 .debug_aranges
                0x000001d0       0x70 ./Core/Src/stm32f4xx_it.o
 .debug_aranges
                0x00000240       0x20 ./Core/Src/sysmem.o
 .debug_aranges
                0x00000260       0x28 ./Core/Src/system_stm32f4xx.o
 .debug_aranges
                0x00000288       0x28 ./Core/Startup/startup_stm32f407vgtx.o
 .debug_aranges
                0x000002b0       0xf0 ./Drivers/STM32F4xx_HAL_Driver/Src/stm32f4xx_hal.o
 .debug_aranges
                0x000003a0      0x138 ./Drivers/STM32F4xx_HAL_Driver/Src/stm32f4xx_hal_can.o
 .debug_aranges
                0x000004d8      0x130 ./Drivers/STM32F4xx_HAL_Driver/Src/stm32f4xx_hal_cortex.o
 .debug_aranges
                0x00000608       0x58 ./Drivers/STM32F4xx_HAL_Driver/Src/stm32f4xx_hal_gpio.o
 .debug_aranges
                0x00000660      0x108 ./Drivers/STM32F4xx_HAL_Driver/Src/stm32f4xx_hal_hcd.o
 .debug_aranges
                0x00000768      0x2a8 ./Drivers/STM32F4xx_HAL_Driver/Src/stm32f4xx_hal_i2c.o
 .debug_aranges
                0x00000a10      0x108 ./Drivers/STM32F4xx_HAL_Driver/Src/stm32f4xx_hal_i2s.o
 .debug_aranges
                0x00000b18       0x88 ./Drivers/STM32F4xx_HAL_Driver/Src/stm32f4xx_hal_i2s_ex.o
 .debug_aranges
                0x00000ba0       0x88 ./Drivers/STM32F4xx_HAL_Driver/Src/stm32f4xx_hal_rcc.o
 .debug_aranges
                0x00000c28       0x48 ./Drivers/STM32F4xx_HAL_Driver/Src/stm32f4xx_hal_rcc_ex.o
 .debug_aranges
                0x00000c70      0x1d0 ./Drivers/STM32F4xx_HAL_Driver/Src/stm32f4xx_hal_spi.o
 .debug_aranges
                0x00000e40      0x1a0 ./Drivers/STM32F4xx_HAL_Driver/Src/stm32f4xx_ll_usb.o
 .debug_aranges
                0x00000fe0       0xa8 ./Middlewares/ST/STM32_USB_Host_Library/Class/CDC/Src/usbh_cdc.o
 .debug_aranges
                0x00001088       0xc0 ./Middlewares/ST/STM32_USB_Host_Library/Core/Src/usbh_core.o
 .debug_aranges
                0x00001148       0xa0 ./Middlewares/ST/STM32_USB_Host_Library/Core/Src/usbh_ctlreq.o
 .debug_aranges
                0x000011e8       0x60 ./Middlewares/ST/STM32_USB_Host_Library/Core/Src/usbh_ioreq.o
 .debug_aranges
                0x00001248       0x40 ./Middlewares/ST/STM32_USB_Host_Library/Core/Src/usbh_pipes.o
 .debug_aranges
                0x00001288       0x30 ./USB_HOST/App/usb_host.o
 .debug_aranges
                0x000012b8       0xe0 ./USB_HOST/Target/usbh_conf.o
 .debug_aranges
                0x00001398       0x20 ./USB_HOST/Target/usbh_platform.o

.debug_rnglists
                0x00000000      0xede
 .debug_rnglists
                0x00000000       0x1b ./Core/Src/BASE64/BASE64_FUN.o
 .debug_rnglists
                0x0000001b       0x4a ./Core/Src/CAN_Lib/CAN_Lib.o
 .debug_rnglists
                0x00000065       0x20 ./Core/Src/can.o
 .debug_rnglists
                0x00000085       0x14 ./Core/Src/gpio.o
 .debug_rnglists
                0x00000099       0x20 ./Core/Src/i2c.o
 .debug_rnglists
                0x000000b9       0x20 ./Core/Src/i2s.o
 .debug_rnglists
                0x000000d9       0x2c ./Core/Src/main.o
 .debug_rnglists
                0x00000105       0x20 ./Core/Src/spi.o
 .debug_rnglists
                0x00000125       0x13 ./Core/Src/stm32f4xx_hal_msp.o
 .debug_rnglists
                0x00000138       0x4f ./Core/Src/stm32f4xx_it.o
 .debug_rnglists
                0x00000187       0x13 ./Core/Src/sysmem.o
 .debug_rnglists
                0x0000019a       0x1a ./Core/Src/system_stm32f4xx.o
 .debug_rnglists
                0x000001b4       0x19 ./Core/Startup/startup_stm32f407vgtx.o
 .debug_rnglists
                0x000001cd       0xaf ./Drivers/STM32F4xx_HAL_Driver/Src/stm32f4xx_hal.o
 .debug_rnglists
                0x0000027c       0xee ./Drivers/STM32F4xx_HAL_Driver/Src/stm32f4xx_hal_can.o
 .debug_rnglists
                0x0000036a       0xe0 ./Drivers/STM32F4xx_HAL_Driver/Src/stm32f4xx_hal_cortex.o
 .debug_rnglists
                0x0000044a       0x3f ./Drivers/STM32F4xx_HAL_Driver/Src/stm32f4xx_hal_gpio.o
 .debug_rnglists
                0x00000489       0xca ./Drivers/STM32F4xx_HAL_Driver/Src/stm32f4xx_hal_hcd.o
 .debug_rnglists
                0x00000553      0x23c ./Drivers/STM32F4xx_HAL_Driver/Src/stm32f4xx_hal_i2c.o
 .debug_rnglists
                0x0000078f       0xcc ./Drivers/STM32F4xx_HAL_Driver/Src/stm32f4xx_hal_i2s.o
 .debug_rnglists
                0x0000085b       0x6a ./Drivers/STM32F4xx_HAL_Driver/Src/stm32f4xx_hal_i2s_ex.o
 .debug_rnglists
                0x000008c5       0x66 ./Drivers/STM32F4xx_HAL_Driver/Src/stm32f4xx_hal_rcc.o
 .debug_rnglists
                0x0000092b       0x35 ./Drivers/STM32F4xx_HAL_Driver/Src/stm32f4xx_hal_rcc_ex.o
 .debug_rnglists
                0x00000960      0x16f ./Drivers/STM32F4xx_HAL_Driver/Src/stm32f4xx_hal_spi.o
 .debug_rnglists
                0x00000acf      0x147 ./Drivers/STM32F4xx_HAL_Driver/Src/stm32f4xx_ll_usb.o
 .debug_rnglists
                0x00000c16       0x7e ./Middlewares/ST/STM32_USB_Host_Library/Class/CDC/Src/usbh_cdc.o
 .debug_rnglists
                0x00000c94       0x8f ./Middlewares/ST/STM32_USB_Host_Library/Core/Src/usbh_core.o
 .debug_rnglists
                0x00000d23       0x77 ./Middlewares/ST/STM32_USB_Host_Library/Core/Src/usbh_ctlreq.o
 .debug_rnglists
                0x00000d9a       0x43 ./Middlewares/ST/STM32_USB_Host_Library/Core/Src/usbh_ioreq.o
 .debug_rnglists
                0x00000ddd       0x2b ./Middlewares/ST/STM32_USB_Host_Library/Core/Src/usbh_pipes.o
 .debug_rnglists
                0x00000e08       0x1f ./USB_HOST/App/usb_host.o
 .debug_rnglists
                0x00000e27       0xa4 ./USB_HOST/Target/usbh_conf.o
 .debug_rnglists
                0x00000ecb       0x13 ./USB_HOST/Target/usbh_platform.o

.debug_macro    0x00000000    0x2603f
 .debug_macro   0x00000000      0x33a ./Core/Src/BASE64/BASE64_FUN.o
 .debug_macro   0x0000033a      0xad8 ./Core/Src/BASE64/BASE64_FUN.o
 .debug_macro   0x00000e12      0x2ad ./Core/Src/BASE64/BASE64_FUN.o
 .debug_macro   0x000010bf       0x2e ./Core/Src/BASE64/BASE64_FUN.o
 .debug_macro   0x000010ed       0x2f ./Core/Src/BASE64/BASE64_FUN.o
 .debug_macro   0x0000111c       0x22 ./Core/Src/BASE64/BASE64_FUN.o
 .debug_macro   0x0000113e       0x8e ./Core/Src/BASE64/BASE64_FUN.o
 .debug_macro   0x000011cc       0x51 ./Core/Src/BASE64/BASE64_FUN.o
 .debug_macro   0x0000121d      0x103 ./Core/Src/BASE64/BASE64_FUN.o
 .debug_macro   0x00001320       0x6a ./Core/Src/BASE64/BASE64_FUN.o
 .debug_macro   0x0000138a      0x1df ./Core/Src/BASE64/BASE64_FUN.o
 .debug_macro   0x00001569       0x1c ./Core/Src/BASE64/BASE64_FUN.o
 .debug_macro   0x00001585       0x22 ./Core/Src/BASE64/BASE64_FUN.o
 .debug_macro   0x000015a7       0xfb ./Core/Src/BASE64/BASE64_FUN.o
 .debug_macro   0x000016a2     0x1011 ./Core/Src/BASE64/BASE64_FUN.o
 .debug_macro   0x000026b3      0x11f ./Core/Src/BASE64/BASE64_FUN.o
 .debug_macro   0x000027d2    0x15ea5 ./Core/Src/BASE64/BASE64_FUN.o
 .debug_macro   0x00018677       0x6d ./Core/Src/BASE64/BASE64_FUN.o
 .debug_macro   0x000186e4     0x3693 ./Core/Src/BASE64/BASE64_FUN.o
 .debug_macro   0x0001bd77      0x190 ./Core/Src/BASE64/BASE64_FUN.o
 .debug_macro   0x0001bf07       0x5c ./Core/Src/BASE64/BASE64_FUN.o
 .debug_macro   0x0001bf63      0x980 ./Core/Src/BASE64/BASE64_FUN.o
 .debug_macro   0x0001c8e3      0x9e9 ./Core/Src/BASE64/BASE64_FUN.o
 .debug_macro   0x0001d2cc      0x115 ./Core/Src/BASE64/BASE64_FUN.o
 .debug_macro   0x0001d3e1      0x13e ./Core/Src/BASE64/BASE64_FUN.o
 .debug_macro   0x0001d51f       0xa5 ./Core/Src/BASE64/BASE64_FUN.o
 .debug_macro   0x0001d5c4      0x174 ./Core/Src/BASE64/BASE64_FUN.o
 .debug_macro   0x0001d738      0x287 ./Core/Src/BASE64/BASE64_FUN.o
 .debug_macro   0x0001d9bf       0x5f ./Core/Src/BASE64/BASE64_FUN.o
 .debug_macro   0x0001da1e      0x236 ./Core/Src/BASE64/BASE64_FUN.o
 .debug_macro   0x0001dc54      0x40f ./Core/Src/BASE64/BASE64_FUN.o
 .debug_macro   0x0001e063      0x12c ./Core/Src/BASE64/BASE64_FUN.o
 .debug_macro   0x0001e18f      0x21e ./Core/Src/BASE64/BASE64_FUN.o
 .debug_macro   0x0001e3ad       0x2e ./Core/Src/BASE64/BASE64_FUN.o
 .debug_macro   0x0001e3db      0x1b5 ./Core/Src/BASE64/BASE64_FUN.o
 .debug_macro   0x0001e590       0xd6 ./Core/Src/BASE64/BASE64_FUN.o
 .debug_macro   0x0001e666      0x1a7 ./Core/Src/BASE64/BASE64_FUN.o
 .debug_macro   0x0001e80d       0x46 ./Core/Src/BASE64/BASE64_FUN.o
 .debug_macro   0x0001e853       0x4a ./Core/Src/BASE64/BASE64_FUN.o
 .debug_macro   0x0001e89d      0x127 ./Core/Src/BASE64/BASE64_FUN.o
 .debug_macro   0x0001e9c4       0x7e ./Core/Src/BASE64/BASE64_FUN.o
 .debug_macro   0x0001ea42       0x89 ./Core/Src/BASE64/BASE64_FUN.o
 .debug_macro   0x0001eacb      0x225 ./Core/Src/BASE64/BASE64_FUN.o
 .debug_macro   0x0001ecf0      0x293 ./Core/Src/BASE64/BASE64_FUN.o
 .debug_macro   0x0001ef83       0x98 ./Core/Src/BASE64/BASE64_FUN.o
 .debug_macro   0x0001f01b      0x12d ./Core/Src/BASE64/BASE64_FUN.o
 .debug_macro   0x0001f148       0x61 ./Core/Src/BASE64/BASE64_FUN.o
 .debug_macro   0x0001f1a9       0x2a ./Core/Src/BASE64/BASE64_FUN.o
 .debug_macro   0x0001f1d3       0x43 ./Core/Src/BASE64/BASE64_FUN.o
 .debug_macro   0x0001f216       0x34 ./Core/Src/BASE64/BASE64_FUN.o
 .debug_macro   0x0001f24a      0x370 ./Core/Src/BASE64/BASE64_FUN.o
 .debug_macro   0x0001f5ba       0x16 ./Core/Src/BASE64/BASE64_FUN.o
 .debug_macro   0x0001f5d0       0x4a ./Core/Src/BASE64/BASE64_FUN.o
 .debug_macro   0x0001f61a       0x34 ./Core/Src/BASE64/BASE64_FUN.o
 .debug_macro   0x0001f64e       0x10 ./Core/Src/BASE64/BASE64_FUN.o
 .debug_macro   0x0001f65e       0x58 ./Core/Src/BASE64/BASE64_FUN.o
 .debug_macro   0x0001f6b6       0x8e ./Core/Src/BASE64/BASE64_FUN.o
 .debug_macro   0x0001f744       0x1c ./Core/Src/BASE64/BASE64_FUN.o
 .debug_macro   0x0001f760      0x185 ./Core/Src/BASE64/BASE64_FUN.o
 .debug_macro   0x0001f8e5       0x10 ./Core/Src/BASE64/BASE64_FUN.o
 .debug_macro   0x0001f8f5       0x3c ./Core/Src/BASE64/BASE64_FUN.o
 .debug_macro   0x0001f931       0x20 ./Core/Src/BASE64/BASE64_FUN.o
 .debug_macro   0x0001f951      0x190 ./Core/Src/BASE64/BASE64_FUN.o
 .debug_macro   0x0001fae1       0x1c ./Core/Src/BASE64/BASE64_FUN.o
 .debug_macro   0x0001fafd       0x1c ./Core/Src/BASE64/BASE64_FUN.o
 .debug_macro   0x0001fb19       0x10 ./Core/Src/BASE64/BASE64_FUN.o
 .debug_macro   0x0001fb29       0x1c ./Core/Src/BASE64/BASE64_FUN.o
 .debug_macro   0x0001fb45       0x16 ./Core/Src/BASE64/BASE64_FUN.o
 .debug_macro   0x0001fb5b      0x146 ./Core/Src/BASE64/BASE64_FUN.o
 .debug_macro   0x0001fca1      0x2fc ./Core/Src/BASE64/BASE64_VAR.o
 .debug_macro   0x0001ff9d      0x344 ./Core/Src/CAN_Lib/CAN_Lib.o
 .debug_macro   0x000202e1       0x22 ./Core/Src/CAN_Lib/CAN_Lib.o
 .debug_macro   0x00020303      0x2f7 ./Core/Src/can.o
 .debug_macro   0x000205fa      0x2f7 ./Core/Src/gpio.o
 .debug_macro   0x000208f1      0x2f7 ./Core/Src/i2c.o
 .debug_macro   0x00020be8      0x2f7 ./Core/Src/i2s.o
 .debug_macro   0x00020edf      0x384 ./Core/Src/main.o
 .debug_macro   0x00021263      0x2f7 ./Core/Src/spi.o
 .debug_macro   0x0002155a      0x2ed ./Core/Src/stm32f4xx_hal_msp.o
 .debug_macro   0x00021847      0x2f7 ./Core/Src/stm32f4xx_it.o
 .debug_macro   0x00021b3e      0x112 ./Core/Src/sysmem.o
 .debug_macro   0x00021c50      0x23c ./Core/Src/sysmem.o
 .debug_macro   0x00021e8c      0x210 ./Core/Src/system_stm32f4xx.o
 .debug_macro   0x0002209c      0x270 ./Drivers/STM32F4xx_HAL_Driver/Src/stm32f4xx_hal.o
 .debug_macro   0x0002230c      0x21f ./Drivers/STM32F4xx_HAL_Driver/Src/stm32f4xx_hal_can.o
 .debug_macro   0x0002252b      0x210 ./Drivers/STM32F4xx_HAL_Driver/Src/stm32f4xx_hal_cortex.o
 .debug_macro   0x0002273b      0x216 ./Drivers/STM32F4xx_HAL_Driver/Src/stm32f4xx_hal_gpio.o
 .debug_macro   0x00022951      0x210 ./Drivers/STM32F4xx_HAL_Driver/Src/stm32f4xx_hal_hcd.o
 .debug_macro   0x00022b61      0x25e ./Drivers/STM32F4xx_HAL_Driver/Src/stm32f4xx_hal_i2c.o
 .debug_macro   0x00022dbf      0x218 ./Drivers/STM32F4xx_HAL_Driver/Src/stm32f4xx_hal_i2s.o
 .debug_macro   0x00022fd7      0x210 ./Drivers/STM32F4xx_HAL_Driver/Src/stm32f4xx_hal_i2s_ex.o
 .debug_macro   0x000231e7      0x234 ./Drivers/STM32F4xx_HAL_Driver/Src/stm32f4xx_hal_rcc.o
 .debug_macro   0x0002341b      0x210 ./Drivers/STM32F4xx_HAL_Driver/Src/stm32f4xx_hal_rcc_ex.o
 .debug_macro   0x0002362b      0x21f ./Drivers/STM32F4xx_HAL_Driver/Src/stm32f4xx_hal_spi.o
 .debug_macro   0x0002384a      0x210 ./Drivers/STM32F4xx_HAL_Driver/Src/stm32f4xx_ll_usb.o
 .debug_macro   0x00023a5a      0x3b7 ./Middlewares/ST/STM32_USB_Host_Library/Class/CDC/Src/usbh_cdc.o
 .debug_macro   0x00023e11       0x16 ./Middlewares/ST/STM32_USB_Host_Library/Class/CDC/Src/usbh_cdc.o
 .debug_macro   0x00023e27       0x9e ./Middlewares/ST/STM32_USB_Host_Library/Class/CDC/Src/usbh_cdc.o
 .debug_macro   0x00023ec5      0x112 ./Middlewares/ST/STM32_USB_Host_Library/Class/CDC/Src/usbh_cdc.o
 .debug_macro   0x00023fd7       0x16 ./Middlewares/ST/STM32_USB_Host_Library/Class/CDC/Src/usbh_cdc.o
 .debug_macro   0x00023fed       0x16 ./Middlewares/ST/STM32_USB_Host_Library/Class/CDC/Src/usbh_cdc.o
 .debug_macro   0x00024003       0x56 ./Middlewares/ST/STM32_USB_Host_Library/Class/CDC/Src/usbh_cdc.o
 .debug_macro   0x00024059       0x73 ./Middlewares/ST/STM32_USB_Host_Library/Class/CDC/Src/usbh_cdc.o
 .debug_macro   0x000240cc      0x23a ./Middlewares/ST/STM32_USB_Host_Library/Class/CDC/Src/usbh_cdc.o
 .debug_macro   0x00024306       0x2e ./Middlewares/ST/STM32_USB_Host_Library/Class/CDC/Src/usbh_cdc.o
 .debug_macro   0x00024334       0x2e ./Middlewares/ST/STM32_USB_Host_Library/Class/CDC/Src/usbh_cdc.o
 .debug_macro   0x00024362       0x28 ./Middlewares/ST/STM32_USB_Host_Library/Class/CDC/Src/usbh_cdc.o
 .debug_macro   0x0002438a      0x15b ./Middlewares/ST/STM32_USB_Host_Library/Class/CDC/Src/usbh_cdc.o
 .debug_macro   0x000244e5      0x3b4 ./Middlewares/ST/STM32_USB_Host_Library/Core/Src/usbh_core.o
 .debug_macro   0x00024899      0x3ac ./Middlewares/ST/STM32_USB_Host_Library/Core/Src/usbh_ctlreq.o
 .debug_macro   0x00024c45       0x28 ./Middlewares/ST/STM32_USB_Host_Library/Core/Src/usbh_ctlreq.o
 .debug_macro   0x00024c6d      0x3a6 ./Middlewares/ST/STM32_USB_Host_Library/Core/Src/usbh_ioreq.o
 .debug_macro   0x00025013      0x3a6 ./Middlewares/ST/STM32_USB_Host_Library/Core/Src/usbh_pipes.o