../Core/Src/main.c:79:5:main	8	static
../Core/Src/main.c:140:6:SystemClock_Config	88	static
../Core/Src/main.c:186:13:MX_CAN1_Init	48	static
../Core/Src/main.c:240:13:MX_I2C1_Init	8	static
../Core/Src/main.c:274:13:MX_I2S3_Init	8	static
../Core/Src/main.c:308:13:MX_SPI1_Init	8	static
../Core/Src/main.c:346:13:MX_GPIO_Init	56	static
../Core/Src/main.c:440:6:CAN_Send_Msg	40	static
../Core/Src/main.c:462:6:CAN_Recieve_Msg	40	static
../Core/Src/main.c:477:6:HAL_CAN_RxFifo0MsgPendingCallback	48	static
../Core/Src/main.c:503:6:Error_Handler	4	static,ignoring_inline_asm
